[    7360ms] [WARNING] This version of the marker clusterer is no longer in service.
  We recommend updating your code to use @googlemaps/markerclusterer instead.
  More information is available at https://github.com/googlemaps/js-markerclusterer
  and https://developers.google.com/maps/documentation/javascript/marker-clustering. @ https://developers.google.com/maps/documentation/javascript/examples/markerclusterer/markerclusterer.js:7
[    7719ms] [LOG] %c Feathery %c v2.99.1  background: #e2626e; color: white; padding: 2px 6px; border-radius: 3px 0 0 3px; font-weight: bold; background: #fce7e9; color: #c5495a; padding: 2px 6px; border-radius: 0 3px 3px 0; @ https://cdn.jsdelivr.net/npm/@feathery/react@latest/umd/index.js:1
[    7803ms] [LOG] Hit count @ https://8hxvw8tw-coda-2483.webengine.zesty.io/tx/houston/?zpw=tsasecret123:5578
[    8599ms] TypeError: Cannot read properties of null (reading 'classList')
    at init (https://8hxvw8tw-coda-2483.webengine.zesty.io/tx/houston/?zpw=tsasecret123:7180:13)
[    8715ms] [WARNING] Google Maps JavaScript API has been loaded directly without loading=async. This can result in suboptimal performance. For best-practice loading patterns please see https://goo.gle/js-api-loading @ https://maps.googleapis.com/maps/api/js?key=AIzaSyB7OZh7TT1Tdw1QgEaeoAa21ygI7woeJ8Y&libraries=places,geometry,marker&callback=onGoogleMapsLoaded:2756
[    8728ms] [WARNING] pac-input element not found @ https://8hxvw8tw-coda-2483.webengine.zesty.io/site.js?v=2da29a9d4084b529707bb4a51de8a8d3&zpw=tsasecret123:412
[    8728ms] [WARNING] As of February 21st, 2024, google.maps.Marker is deprecated. Please use google.maps.marker.AdvancedMarkerElement instead. At this time, google.maps.Marker is not scheduled to be discontinued, but google.maps.marker.AdvancedMarkerElement is recommended over google.maps.Marker. While google.maps.Marker will continue to receive bug fixes for any major regressions, existing bugs in google.maps.Marker will not be addressed. At least 12 months notice will be given before support is discontinued. Please see https://developers.google.com/maps/deprecations for additional details and https://developers.google.com/maps/documentation/javascript/advanced-markers/migration for the migration guide. @ https://maps.googleapis.com/maps/api/js?key=AIzaSyB7OZh7TT1Tdw1QgEaeoAa21ygI7woeJ8Y&libraries=places,geometry,marker&callback=onGoogleMapsLoaded:2857
[    9490ms] [WARNING] No services returned from API @ https://8hxvw8tw-coda-2483.webengine.zesty.io/tx/houston/?zpw=tsasecret123:2884
[    9648ms] [INFO] [alloy] Instance configured. Computed configuration: {personalizationStorageEnabled: false, context: Array(4), targetMigrationEnabled: false, thirdPartyCookiesEnabled: true, idMigrationEnabled: true} @ https://cdn1.adoberesources.net/alloy/2.19.2/alloy.min.js:12
[    9649ms] [INFO] [alloy] Executing sendEvent command. Options: {xdm: Object, renderDecisions: true, data: Object} @ https://cdn1.adoberesources.net/alloy/2.19.2/alloy.min.js:12
[    9650ms] [INFO] [alloy] configure command resolved. Result: {} @ https://cdn1.adoberesources.net/alloy/2.19.2/alloy.min.js:12
[    9651ms] [INFO] [alloy] Request fcf0d9f7-131b-4a33-86e5-8ba43ec51c62: Sending request. {meta: Object, events: Array(1), query: Object} @ https://cdn1.adoberesources.net/alloy/2.19.2/alloy.min.js:12
[    9880ms] [INFO] [alloy] Request fcf0d9f7-131b-4a33-86e5-8ba43ec51c62: Received response with status code 200 and response body: {requestId: fcf0d9f7-131b-4a33-86e5-8ba43ec51c62-8c905790081a41ee, handle: Array(4)} @ https://cdn1.adoberesources.net/alloy/2.19.2/alloy.min.js:12
[    9880ms] [INFO] [alloy] Setting cookie {name: kndctr_20A0289659302A7E0A495D28_AdobeOrg_cluster, value: sgp3, domain: zesty.io, expires: Wed Sep 30 2026 22:05:37 GMT+0800 (Taiwan Standard Time), sameSite: none} @ https://cdn1.adoberesources.net/alloy/2.19.2/alloy.min.js:12
[    9881ms] [INFO] [alloy] sendEvent command resolved. Result: {destinations: Array(0), inferences: Array(0), propositions: Array(0), decisions: Array(0)} @ https://cdn1.adoberesources.net/alloy/2.19.2/alloy.min.js:12
[   11755ms] [WARNING] <meta name="apple-mobile-web-app-capable" content="yes"> is deprecated. Please include <meta name="mobile-web-app-capable" content="yes"> @ https://8hxvw8tw-coda-2483.webengine.zesty.io/tx/houston/?zpw=tsasecret123:0
[   11843ms] [ERROR] Failed to load resource: the server responded with a status of 400 () @ https://events.api.boomtrain.com/event/track:0
[   12254ms] [WARNING] As of March 1st, 2025, google.maps.places.AutocompleteService is not available to new customers. Please use google.maps.places.AutocompleteSuggestion instead. At this time, google.maps.places.AutocompleteService is not scheduled to be discontinued, but google.maps.places.AutocompleteSuggestion is recommended over google.maps.places.AutocompleteService. While google.maps.places.AutocompleteService will continue to receive bug fixes for any major regressions, existing bugs in google.maps.places.AutocompleteService will not be addressed. At least 12 months notice will be given before support is discontinued. Please see https://developers.google.com/maps/legacy for additional details and https://developers.google.com/maps/documentation/javascript/places-migration-overview for the migration guide. @ https://maps.googleapis.com/maps/api/js?key=AIzaSyB7OZh7TT1Tdw1QgEaeoAa21ygI7woeJ8Y&libraries=places,geometry,marker&callback=onGoogleMapsLoaded:345
[   16415ms] [WARNING] The resource https://fonts.gstatic.com/s/materialsymbolsoutlined/v315/kJF1BvYX7BgnkSrUwT8OhrdQw4oELdPIeeII9v6oDMzByHX9rA6RzaxHMPdY43zj-jCxv3fzvRNU22ZXGJpEpjC_1v-p_4MrImHCIJIZrDCvHOej.woff2 was preloaded using link preload but not used within a few seconds from the window's load event. Please make sure it has an appropriate `as` value and it is preloaded intentionally. @ https://8hxvw8tw-coda-2483.webengine.zesty.io/tx/houston/?zpw=tsasecret123:0
[   19532ms] [WARNING] The resource https://fonts.gstatic.com/s/materialsymbolsoutlined/v315/kJF1BvYX7BgnkSrUwT8OhrdQw4oELdPIeeII9v6oDMzByHX9rA6RzaxHMPdY43zj-jCxv3fzvRNU22ZXGJpEpjC_1v-p_4MrImHCIJIZrDCvHOej.woff2 was preloaded using link preload but not used within a few seconds from the window's load event. Please make sure it has an appropriate `as` value and it is preloaded intentionally. @ https://8hxvw8tw-coda-2483.webengine.zesty.io/tx/houston/?zpw=tsasecret123:0
[   36326ms] [WARNING] The resource https://fonts.gstatic.com/s/materialsymbolsoutlined/v315/kJF1BvYX7BgnkSrUwT8OhrdQw4oELdPIeeII9v6oDMzByHX9rA6RzaxHMPdY43zj-jCxv3fzvRNU22ZXGJpEpjC_1v-p_4MrImHCIJIZrDCvHOej.woff2 was preloaded using link preload but not used within a few seconds from the window's load event. Please make sure it has an appropriate `as` value and it is preloaded intentionally. @ https://8hxvw8tw-coda-2483.webengine.zesty.io/tx/houston/?zpw=tsasecret123:0
[   46413ms] [WARNING] The resource https://fonts.gstatic.com/s/materialsymbolsoutlined/v315/kJF1BvYX7BgnkSrUwT8OhrdQw4oELdPIeeII9v6oDMzByHX9rA6RzaxHMPdY43zj-jCxv3fzvRNU22ZXGJpEpjC_1v-p_4MrImHCIJIZrDCvHOej.woff2 was preloaded using link preload but not used within a few seconds from the window's load event. Please make sure it has an appropriate `as` value and it is preloaded intentionally. @ https://8hxvw8tw-coda-2483.webengine.zesty.io/tx/houston/?zpw=tsasecret123:0
[   51049ms] [WARNING] The resource https://fonts.gstatic.com/s/materialsymbolsoutlined/v315/kJF1BvYX7BgnkSrUwT8OhrdQw4oELdPIeeII9v6oDMzByHX9rA6RzaxHMPdY43zj-jCxv3fzvRNU22ZXGJpEpjC_1v-p_4MrImHCIJIZrDCvHOej.woff2 was preloaded using link preload but not used within a few seconds from the window's load event. Please make sure it has an appropriate `as` value and it is preloaded intentionally. @ https://8hxvw8tw-coda-2483.webengine.zesty.io/tx/houston/?zpw=tsasecret123:0
[   75840ms] [WARNING] The resource https://fonts.gstatic.com/s/materialsymbolsoutlined/v315/kJF1BvYX7BgnkSrUwT8OhrdQw4oELdPIeeII9v6oDMzByHX9rA6RzaxHMPdY43zj-jCxv3fzvRNU22ZXGJpEpjC_1v-p_4MrImHCIJIZrDCvHOej.woff2 was preloaded using link preload but not used within a few seconds from the window's load event. Please make sure it has an appropriate `as` value and it is preloaded intentionally. @ https://8hxvw8tw-coda-2483.webengine.zesty.io/tx/houston/?zpw=tsasecret123:0
[   99363ms] [WARNING] The resource https://fonts.gstatic.com/s/materialsymbolsoutlined/v315/kJF1BvYX7BgnkSrUwT8OhrdQw4oELdPIeeII9v6oDMzByHX9rA6RzaxHMPdY43zj-jCxv3fzvRNU22ZXGJpEpjC_1v-p_4MrImHCIJIZrDCvHOej.woff2 was preloaded using link preload but not used within a few seconds from the window's load event. Please make sure it has an appropriate `as` value and it is preloaded intentionally. @ https://8hxvw8tw-coda-2483.webengine.zesty.io/tx/houston/?zpw=tsasecret123:0
[  106241ms] [WARNING] The resource https://fonts.gstatic.com/s/materialsymbolsoutlined/v315/kJF1BvYX7BgnkSrUwT8OhrdQw4oELdPIeeII9v6oDMzByHX9rA6RzaxHMPdY43zj-jCxv3fzvRNU22ZXGJpEpjC_1v-p_4MrImHCIJIZrDCvHOej.woff2 was preloaded using link preload but not used within a few seconds from the window's load event. Please make sure it has an appropriate `as` value and it is preloaded intentionally. @ https://8hxvw8tw-coda-2483.webengine.zesty.io/tx/houston/?zpw=tsasecret123:0
[  118545ms] [WARNING] The resource https://fonts.gstatic.com/s/materialsymbolsoutlined/v315/kJF1BvYX7BgnkSrUwT8OhrdQw4oELdPIeeII9v6oDMzByHX9rA6RzaxHMPdY43zj-jCxv3fzvRNU22ZXGJpEpjC_1v-p_4MrImHCIJIZrDCvHOej.woff2 was preloaded using link preload but not used within a few seconds from the window's load event. Please make sure it has an appropriate `as` value and it is preloaded intentionally. @ https://8hxvw8tw-coda-2483.webengine.zesty.io/tx/houston/?zpw=tsasecret123:0
[  126123ms] [WARNING] The resource https://fonts.gstatic.com/s/materialsymbolsoutlined/v315/kJF1BvYX7BgnkSrUwT8OhrdQw4oELdPIeeII9v6oDMzByHX9rA6RzaxHMPdY43zj-jCxv3fzvRNU22ZXGJpEpjC_1v-p_4MrImHCIJIZrDCvHOej.woff2 was preloaded using link preload but not used within a few seconds from the window's load event. Please make sure it has an appropriate `as` value and it is preloaded intentionally. @ https://8hxvw8tw-coda-2483.webengine.zesty.io/tx/houston/?zpw=tsasecret123:0
[  130474ms] [WARNING] The resource https://fonts.gstatic.com/s/materialsymbolsoutlined/v315/kJF1BvYX7BgnkSrUwT8OhrdQw4oELdPIeeII9v6oDMzByHX9rA6RzaxHMPdY43zj-jCxv3fzvRNU22ZXGJpEpjC_1v-p_4MrImHCIJIZrDCvHOej.woff2 was preloaded using link preload but not used within a few seconds from the window's load event. Please make sure it has an appropriate `as` value and it is preloaded intentionally. @ https://8hxvw8tw-coda-2483.webengine.zesty.io/tx/houston/?zpw=tsasecret123:0
[  140174ms] [WARNING] The resource https://fonts.gstatic.com/s/materialsymbolsoutlined/v315/kJF1BvYX7BgnkSrUwT8OhrdQw4oELdPIeeII9v6oDMzByHX9rA6RzaxHMPdY43zj-jCxv3fzvRNU22ZXGJpEpjC_1v-p_4MrImHCIJIZrDCvHOej.woff2 was preloaded using link preload but not used within a few seconds from the window's load event. Please make sure it has an appropriate `as` value and it is preloaded intentionally. @ https://8hxvw8tw-coda-2483.webengine.zesty.io/tx/houston/?zpw=tsasecret123:0
[  144580ms] [WARNING] The resource https://fonts.gstatic.com/s/materialsymbolsoutlined/v315/kJF1BvYX7BgnkSrUwT8OhrdQw4oELdPIeeII9v6oDMzByHX9rA6RzaxHMPdY43zj-jCxv3fzvRNU22ZXGJpEpjC_1v-p_4MrImHCIJIZrDCvHOej.woff2 was preloaded using link preload but not used within a few seconds from the window's load event. Please make sure it has an appropriate `as` value and it is preloaded intentionally. @ https://8hxvw8tw-coda-2483.webengine.zesty.io/tx/houston/?zpw=tsasecret123:0
[  154642ms] [WARNING] The resource https://fonts.gstatic.com/s/materialsymbolsoutlined/v315/kJF1BvYX7BgnkSrUwT8OhrdQw4oELdPIeeII9v6oDMzByHX9rA6RzaxHMPdY43zj-jCxv3fzvRNU22ZXGJpEpjC_1v-p_4MrImHCIJIZrDCvHOej.woff2 was preloaded using link preload but not used within a few seconds from the window's load event. Please make sure it has an appropriate `as` value and it is preloaded intentionally. @ https://8hxvw8tw-coda-2483.webengine.zesty.io/tx/houston/?zpw=tsasecret123:0
[  165951ms] [WARNING] The resource https://fonts.gstatic.com/s/materialsymbolsoutlined/v315/kJF1BvYX7BgnkSrUwT8OhrdQw4oELdPIeeII9v6oDMzByHX9rA6RzaxHMPdY43zj-jCxv3fzvRNU22ZXGJpEpjC_1v-p_4MrImHCIJIZrDCvHOej.woff2 was preloaded using link preload but not used within a few seconds from the window's load event. Please make sure it has an appropriate `as` value and it is preloaded intentionally. @ https://8hxvw8tw-coda-2483.webengine.zesty.io/tx/houston/?zpw=tsasecret123:0
[  168930ms] [WARNING] This version of the marker clusterer is no longer in service.
  We recommend updating your code to use @googlemaps/markerclusterer instead.
  More information is available at https://github.com/googlemaps/js-markerclusterer
  and https://developers.google.com/maps/documentation/javascript/marker-clustering. @ https://developers.google.com/maps/documentation/javascript/examples/markerclusterer/markerclusterer.js:7
[  168978ms] [LOG] %c Feathery %c v2.99.1  background: #e2626e; color: white; padding: 2px 6px; border-radius: 3px 0 0 3px; font-weight: bold; background: #fce7e9; color: #c5495a; padding: 2px 6px; border-radius: 0 3px 3px 0; @ https://cdn.jsdelivr.net/npm/@feathery/react@latest/umd/index.js:1
[  168981ms] [LOG] Hit count @ https://8hxvw8tw-coda-2483.webengine.zesty.io/tx/houston/?zpw=tsasecret123:5578
[  169019ms] [INFO] [alloy] Instance configured. Computed configuration: {personalizationStorageEnabled: false, context: Array(4), targetMigrationEnabled: false, thirdPartyCookiesEnabled: true, idMigrationEnabled: true} @ https://cdn1.adoberesources.net/alloy/2.19.2/alloy.min.js:12
[  169021ms] [INFO] [alloy] Executing sendEvent command. Options: {xdm: Object, renderDecisions: true, data: Object} @ https://cdn1.adoberesources.net/alloy/2.19.2/alloy.min.js:12
[  169023ms] [INFO] [alloy] configure command resolved. Result: {} @ https://cdn1.adoberesources.net/alloy/2.19.2/alloy.min.js:12
[  169024ms] [INFO] [alloy] Request 0170c94f-f812-4be3-8a91-d961f04e63ab: Sending request. {meta: Object, events: Array(1), query: Object} @ https://cdn1.adoberesources.net/alloy/2.19.2/alloy.min.js:12
[  169134ms] [WARNING] Google Maps JavaScript API has been loaded directly without loading=async. This can result in suboptimal performance. For best-practice loading patterns please see https://goo.gle/js-api-loading @ https://maps.googleapis.com/maps/api/js?key=AIzaSyB7OZh7TT1Tdw1QgEaeoAa21ygI7woeJ8Y&libraries=places,geometry,marker&callback=onGoogleMapsLoaded:2756
[  169145ms] [WARNING] pac-input element not found @ https://8hxvw8tw-coda-2483.webengine.zesty.io/site.js?v=8719389af3f141a1496fb1d3555e35aa&zpw=tsasecret123:412
[  169145ms] [WARNING] As of February 21st, 2024, google.maps.Marker is deprecated. Please use google.maps.marker.AdvancedMarkerElement instead. At this time, google.maps.Marker is not scheduled to be discontinued, but google.maps.marker.AdvancedMarkerElement is recommended over google.maps.Marker. While google.maps.Marker will continue to receive bug fixes for any major regressions, existing bugs in google.maps.Marker will not be addressed. At least 12 months notice will be given before support is discontinued. Please see https://developers.google.com/maps/deprecations for additional details and https://developers.google.com/maps/documentation/javascript/advanced-markers/migration for the migration guide. @ https://maps.googleapis.com/maps/api/js?key=AIzaSyB7OZh7TT1Tdw1QgEaeoAa21ygI7woeJ8Y&libraries=places,geometry,marker&callback=onGoogleMapsLoaded:2857
[  169247ms] [INFO] [alloy] Request 0170c94f-f812-4be3-8a91-d961f04e63ab: Received response with status code 200 and response body: {requestId: 0170c94f-f812-4be3-8a91-d961f04e63ab-eb0516e440e04c98, handle: Array(4)} @ https://cdn1.adoberesources.net/alloy/2.19.2/alloy.min.js:12
[  169247ms] [INFO] [alloy] Setting cookie {name: kndctr_20A0289659302A7E0A495D28_AdobeOrg_cluster, value: sgp3, domain: zesty.io, expires: Wed Sep 30 2026 22:08:17 GMT+0800 (Taiwan Standard Time), sameSite: none} @ https://cdn1.adoberesources.net/alloy/2.19.2/alloy.min.js:12
[  169249ms] [INFO] [alloy] sendEvent command resolved. Result: {destinations: Array(0), inferences: Array(0), propositions: Array(0), decisions: Array(0)} @ https://cdn1.adoberesources.net/alloy/2.19.2/alloy.min.js:12
[  169742ms] TypeError: Cannot read properties of null (reading 'classList')
    at init (https://8hxvw8tw-coda-2483.webengine.zesty.io/tx/houston/?zpw=tsasecret123:7180:13)
[  169894ms] [WARNING] <meta name="apple-mobile-web-app-capable" content="yes"> is deprecated. Please include <meta name="mobile-web-app-capable" content="yes"> @ https://8hxvw8tw-coda-2483.webengine.zesty.io/tx/houston/?zpw=tsasecret123:0
[  170163ms] [ERROR] Failed to load resource: the server responded with a status of 400 () @ https://events.api.boomtrain.com/event/track:0
[  170192ms] [WARNING] No services returned from API @ https://8hxvw8tw-coda-2483.webengine.zesty.io/tx/houston/?zpw=tsasecret123:2884
[  170395ms] [WARNING] As of March 1st, 2025, google.maps.places.AutocompleteService is not available to new customers. Please use google.maps.places.AutocompleteSuggestion instead. At this time, google.maps.places.AutocompleteService is not scheduled to be discontinued, but google.maps.places.AutocompleteSuggestion is recommended over google.maps.places.AutocompleteService. While google.maps.places.AutocompleteService will continue to receive bug fixes for any major regressions, existing bugs in google.maps.places.AutocompleteService will not be addressed. At least 12 months notice will be given before support is discontinued. Please see https://developers.google.com/maps/legacy for additional details and https://developers.google.com/maps/documentation/javascript/places-migration-overview for the migration guide. @ https://maps.googleapis.com/maps/api/js?key=AIzaSyB7OZh7TT1Tdw1QgEaeoAa21ygI7woeJ8Y&libraries=places,geometry,marker&callback=onGoogleMapsLoaded:345
[  176145ms] [WARNING] The resource https://fonts.gstatic.com/s/materialsymbolsoutlined/v315/kJF1BvYX7BgnkSrUwT8OhrdQw4oELdPIeeII9v6oDMzByHX9rA6RzaxHMPdY43zj-jCxv3fzvRNU22ZXGJpEpjC_1v-p_4MrImHCIJIZrDCvHOej.woff2 was preloaded using link preload but not used within a few seconds from the window's load event. Please make sure it has an appropriate `as` value and it is preloaded intentionally. @ https://8hxvw8tw-coda-2483.webengine.zesty.io/tx/houston/?zpw=tsasecret123:0
[  192927ms] [WARNING] The resource https://fonts.gstatic.com/s/materialsymbolsoutlined/v315/kJF1BvYX7BgnkSrUwT8OhrdQw4oELdPIeeII9v6oDMzByHX9rA6RzaxHMPdY43zj-jCxv3fzvRNU22ZXGJpEpjC_1v-p_4MrImHCIJIZrDCvHOej.woff2 was preloaded using link preload but not used within a few seconds from the window's load event. Please make sure it has an appropriate `as` value and it is preloaded intentionally. @ https://8hxvw8tw-coda-2483.webengine.zesty.io/tx/houston/?zpw=tsasecret123:0
[  196627ms] [WARNING] The resource https://fonts.gstatic.com/s/materialsymbolsoutlined/v315/kJF1BvYX7BgnkSrUwT8OhrdQw4oELdPIeeII9v6oDMzByHX9rA6RzaxHMPdY43zj-jCxv3fzvRNU22ZXGJpEpjC_1v-p_4MrImHCIJIZrDCvHOej.woff2 was preloaded using link preload but not used within a few seconds from the window's load event. Please make sure it has an appropriate `as` value and it is preloaded intentionally. @ https://8hxvw8tw-coda-2483.webengine.zesty.io/tx/houston/?zpw=tsasecret123:0
[  218633ms] [WARNING] The resource https://fonts.gstatic.com/s/materialsymbolsoutlined/v315/kJF1BvYX7BgnkSrUwT8OhrdQw4oELdPIeeII9v6oDMzByHX9rA6RzaxHMPdY43zj-jCxv3fzvRNU22ZXGJpEpjC_1v-p_4MrImHCIJIZrDCvHOej.woff2 was preloaded using link preload but not used within a few seconds from the window's load event. Please make sure it has an appropriate `as` value and it is preloaded intentionally. @ https://8hxvw8tw-coda-2483.webengine.zesty.io/tx/houston/?zpw=tsasecret123:0
[  224670ms] [WARNING] The resource https://fonts.gstatic.com/s/materialsymbolsoutlined/v315/kJF1BvYX7BgnkSrUwT8OhrdQw4oELdPIeeII9v6oDMzByHX9rA6RzaxHMPdY43zj-jCxv3fzvRNU22ZXGJpEpjC_1v-p_4MrImHCIJIZrDCvHOej.woff2 was preloaded using link preload but not used within a few seconds from the window's load event. Please make sure it has an appropriate `as` value and it is preloaded intentionally. @ https://8hxvw8tw-coda-2483.webengine.zesty.io/tx/houston/?zpw=tsasecret123:0
[  247149ms] [WARNING] The resource https://fonts.gstatic.com/s/materialsymbolsoutlined/v315/kJF1BvYX7BgnkSrUwT8OhrdQw4oELdPIeeII9v6oDMzByHX9rA6RzaxHMPdY43zj-jCxv3fzvRNU22ZXGJpEpjC_1v-p_4MrImHCIJIZrDCvHOej.woff2 was preloaded using link preload but not used within a few seconds from the window's load event. Please make sure it has an appropriate `as` value and it is preloaded intentionally. @ https://8hxvw8tw-coda-2483.webengine.zesty.io/tx/houston/?zpw=tsasecret123:0
[  248223ms] [WARNING] This version of the marker clusterer is no longer in service.
  We recommend updating your code to use @googlemaps/markerclusterer instead.
  More information is available at https://github.com/googlemaps/js-markerclusterer
  and https://developers.google.com/maps/documentation/javascript/marker-clustering. @ https://developers.google.com/maps/documentation/javascript/examples/markerclusterer/markerclusterer.js:7
[  248714ms] [LOG] %c Feathery %c v2.99.1  background: #e2626e; color: white; padding: 2px 6px; border-radius: 3px 0 0 3px; font-weight: bold; background: #fce7e9; color: #c5495a; padding: 2px 6px; border-radius: 0 3px 3px 0; @ https://cdn.jsdelivr.net/npm/@feathery/react@latest/umd/index.js:1
[  248718ms] [LOG] Hit count @ https://8hxvw8tw-coda-2483.webengine.zesty.io/tx/houston/?zpw=tsasecret123:5578
[  248747ms] [INFO] [alloy] Instance configured. Computed configuration: {personalizationStorageEnabled: false, context: Array(4), targetMigrationEnabled: false, thirdPartyCookiesEnabled: true, idMigrationEnabled: true} @ https://cdn1.adoberesources.net/alloy/2.19.2/alloy.min.js:12
[  248749ms] [INFO] [alloy] Executing sendEvent command. Options: {xdm: Object, renderDecisions: true, data: Object} @ https://cdn1.adoberesources.net/alloy/2.19.2/alloy.min.js:12
[  248757ms] [INFO] [alloy] configure command resolved. Result: {} @ https://cdn1.adoberesources.net/alloy/2.19.2/alloy.min.js:12
[  248757ms] [INFO] [alloy] Request b92680d7-911f-41f4-832c-c3be76020b4e: Sending request. {meta: Object, events: Array(1), query: Object} @ https://cdn1.adoberesources.net/alloy/2.19.2/alloy.min.js:12
[  248772ms] [WARNING] Google Maps JavaScript API has been loaded directly without loading=async. This can result in suboptimal performance. For best-practice loading patterns please see https://goo.gle/js-api-loading @ https://maps.googleapis.com/maps/api/js?key=AIzaSyB7OZh7TT1Tdw1QgEaeoAa21ygI7woeJ8Y&libraries=places,geometry,marker&callback=onGoogleMapsLoaded:2756
[  248785ms] [WARNING] pac-input element not found @ https://8hxvw8tw-coda-2483.webengine.zesty.io/site.js?v=0d767fc4e291d3b0794f0486ede48ff3&zpw=tsasecret123:412
[  248785ms] [WARNING] As of February 21st, 2024, google.maps.Marker is deprecated. Please use google.maps.marker.AdvancedMarkerElement instead. At this time, google.maps.Marker is not scheduled to be discontinued, but google.maps.marker.AdvancedMarkerElement is recommended over google.maps.Marker. While google.maps.Marker will continue to receive bug fixes for any major regressions, existing bugs in google.maps.Marker will not be addressed. At least 12 months notice will be given before support is discontinued. Please see https://developers.google.com/maps/deprecations for additional details and https://developers.google.com/maps/documentation/javascript/advanced-markers/migration for the migration guide. @ https://maps.googleapis.com/maps/api/js?key=AIzaSyB7OZh7TT1Tdw1QgEaeoAa21ygI7woeJ8Y&libraries=places,geometry,marker&callback=onGoogleMapsLoaded:2857
[  248972ms] [INFO] [alloy] Request b92680d7-911f-41f4-832c-c3be76020b4e: Received response with status code 200 and response body: {requestId: b92680d7-911f-41f4-832c-c3be76020b4e-7ce33cc2cb9e4d49, handle: Array(4)} @ https://cdn1.adoberesources.net/alloy/2.19.2/alloy.min.js:12
[  248972ms] [INFO] [alloy] Setting cookie {name: kndctr_20A0289659302A7E0A495D28_AdobeOrg_cluster, value: sgp3, domain: zesty.io, expires: Wed Sep 30 2026 22:09:36 GMT+0800 (Taiwan Standard Time), sameSite: none} @ https://cdn1.adoberesources.net/alloy/2.19.2/alloy.min.js:12
[  248973ms] [INFO] [alloy] sendEvent command resolved. Result: {destinations: Array(0), inferences: Array(0), propositions: Array(0), decisions: Array(0)} @ https://cdn1.adoberesources.net/alloy/2.19.2/alloy.min.js:12
[  249592ms] [WARNING] <meta name="apple-mobile-web-app-capable" content="yes"> is deprecated. Please include <meta name="mobile-web-app-capable" content="yes"> @ https://8hxvw8tw-coda-2483.webengine.zesty.io/tx/houston/?zpw=tsasecret123:0
[  249806ms] [ERROR] Failed to load resource: the server responded with a status of 400 () @ https://events.api.boomtrain.com/event/track:0
[  249865ms] TypeError: Cannot read properties of null (reading 'classList')
    at init (https://8hxvw8tw-coda-2483.webengine.zesty.io/tx/houston/?zpw=tsasecret123:7180:13)
[  250104ms] [WARNING] As of March 1st, 2025, google.maps.places.AutocompleteService is not available to new customers. Please use google.maps.places.AutocompleteSuggestion instead. At this time, google.maps.places.AutocompleteService is not scheduled to be discontinued, but google.maps.places.AutocompleteSuggestion is recommended over google.maps.places.AutocompleteService. While google.maps.places.AutocompleteService will continue to receive bug fixes for any major regressions, existing bugs in google.maps.places.AutocompleteService will not be addressed. At least 12 months notice will be given before support is discontinued. Please see https://developers.google.com/maps/legacy for additional details and https://developers.google.com/maps/documentation/javascript/places-migration-overview for the migration guide. @ https://maps.googleapis.com/maps/api/js?key=AIzaSyB7OZh7TT1Tdw1QgEaeoAa21ygI7woeJ8Y&libraries=places,geometry,marker&callback=onGoogleMapsLoaded:345
[  250136ms] [WARNING] No services returned from API @ https://8hxvw8tw-coda-2483.webengine.zesty.io/tx/houston/?zpw=tsasecret123:2884
[  256852ms] [WARNING] This version of the marker clusterer is no longer in service.
  We recommend updating your code to use @googlemaps/markerclusterer instead.
  More information is available at https://github.com/googlemaps/js-markerclusterer
  and https://developers.google.com/maps/documentation/javascript/marker-clustering. @ https://developers.google.com/maps/documentation/javascript/examples/markerclusterer/markerclusterer.js:7
[  257291ms] [LOG] %c Feathery %c v2.99.1  background: #e2626e; color: white; padding: 2px 6px; border-radius: 3px 0 0 3px; font-weight: bold; background: #fce7e9; color: #c5495a; padding: 2px 6px; border-radius: 0 3px 3px 0; @ https://cdn.jsdelivr.net/npm/@feathery/react@latest/umd/index.js:1
[  257412ms] [LOG] Hit count @ https://8hxvw8tw-coda-2483.webengine.zesty.io/tx/houston/?zpw=tsasecret123:5578
[  257429ms] [INFO] [alloy] Instance configured. Computed configuration: {personalizationStorageEnabled: false, context: Array(4), targetMigrationEnabled: false, thirdPartyCookiesEnabled: true, idMigrationEnabled: true} @ https://cdn1.adoberesources.net/alloy/2.19.2/alloy.min.js:12
[  257431ms] [INFO] [alloy] Executing sendEvent command. Options: {xdm: Object, renderDecisions: true, data: Object} @ https://cdn1.adoberesources.net/alloy/2.19.2/alloy.min.js:12
[  257432ms] [INFO] [alloy] configure command resolved. Result: {} @ https://cdn1.adoberesources.net/alloy/2.19.2/alloy.min.js:12
[  257432ms] [INFO] [alloy] Request 6a2905b9-a4ea-4749-a1db-af8fba308464: Sending request. {meta: Object, events: Array(1), query: Object} @ https://cdn1.adoberesources.net/alloy/2.19.2/alloy.min.js:12
[  257475ms] [WARNING] Google Maps JavaScript API has been loaded directly without loading=async. This can result in suboptimal performance. For best-practice loading patterns please see https://goo.gle/js-api-loading @ https://maps.googleapis.com/maps/api/js?key=AIzaSyB7OZh7TT1Tdw1QgEaeoAa21ygI7woeJ8Y&libraries=places,geometry,marker&callback=onGoogleMapsLoaded:2756
[  257486ms] [WARNING] pac-input element not found @ https://8hxvw8tw-coda-2483.webengine.zesty.io/site.js?v=09299168bb6a75e6b2406c680ccf300c&zpw=tsasecret123:412
[  257486ms] [WARNING] As of February 21st, 2024, google.maps.Marker is deprecated. Please use google.maps.marker.AdvancedMarkerElement instead. At this time, google.maps.Marker is not scheduled to be discontinued, but google.maps.marker.AdvancedMarkerElement is recommended over google.maps.Marker. While google.maps.Marker will continue to receive bug fixes for any major regressions, existing bugs in google.maps.Marker will not be addressed. At least 12 months notice will be given before support is discontinued. Please see https://developers.google.com/maps/deprecations for additional details and https://developers.google.com/maps/documentation/javascript/advanced-markers/migration for the migration guide. @ https://maps.googleapis.com/maps/api/js?key=AIzaSyB7OZh7TT1Tdw1QgEaeoAa21ygI7woeJ8Y&libraries=places,geometry,marker&callback=onGoogleMapsLoaded:2857
[  257820ms] [INFO] [alloy] Request 6a2905b9-a4ea-4749-a1db-af8fba308464: Received response with status code 200 and response body: {requestId: 6a2905b9-a4ea-4749-a1db-af8fba308464-5f9b4e4293414244, handle: Array(4)} @ https://cdn1.adoberesources.net/alloy/2.19.2/alloy.min.js:12
[  257820ms] [INFO] [alloy] Setting cookie {name: kndctr_20A0289659302A7E0A495D28_AdobeOrg_cluster, value: sgp3, domain: zesty.io, expires: Wed Sep 30 2026 22:09:45 GMT+0800 (Taiwan Standard Time), sameSite: none} @ https://cdn1.adoberesources.net/alloy/2.19.2/alloy.min.js:12
[  257822ms] [INFO] [alloy] sendEvent command resolved. Result: {destinations: Array(0), inferences: Array(0), propositions: Array(0), decisions: Array(0)} @ https://cdn1.adoberesources.net/alloy/2.19.2/alloy.min.js:12
[  257837ms] [ERROR] Failed to load resource: the server responded with a status of 400 () @ https://events.api.boomtrain.com/event/track:0
[  258285ms] TypeError: Cannot read properties of null (reading 'classList')
    at init (https://8hxvw8tw-coda-2483.webengine.zesty.io/tx/houston/?zpw=tsasecret123:7180:13)
[  258324ms] [WARNING] <meta name="apple-mobile-web-app-capable" content="yes"> is deprecated. Please include <meta name="mobile-web-app-capable" content="yes"> @ https://8hxvw8tw-coda-2483.webengine.zesty.io/tx/houston/?zpw=tsasecret123:0
[  258475ms] [WARNING] No services returned from API @ https://8hxvw8tw-coda-2483.webengine.zesty.io/tx/houston/?zpw=tsasecret123:2884
[  258827ms] [WARNING] As of March 1st, 2025, google.maps.places.AutocompleteService is not available to new customers. Please use google.maps.places.AutocompleteSuggestion instead. At this time, google.maps.places.AutocompleteService is not scheduled to be discontinued, but google.maps.places.AutocompleteSuggestion is recommended over google.maps.places.AutocompleteService. While google.maps.places.AutocompleteService will continue to receive bug fixes for any major regressions, existing bugs in google.maps.places.AutocompleteService will not be addressed. At least 12 months notice will be given before support is discontinued. Please see https://developers.google.com/maps/legacy for additional details and https://developers.google.com/maps/documentation/javascript/places-migration-overview for the migration guide. @ https://maps.googleapis.com/maps/api/js?key=AIzaSyB7OZh7TT1Tdw1QgEaeoAa21ygI7woeJ8Y&libraries=places,geometry,marker&callback=onGoogleMapsLoaded:345
[  265293ms] [WARNING] The resource https://fonts.gstatic.com/s/materialsymbolsoutlined/v315/kJF1BvYX7BgnkSrUwT8OhrdQw4oELdPIeeII9v6oDMzByHX9rA6RzaxHMPdY43zj-jCxv3fzvRNU22ZXGJpEpjC_1v-p_4MrImHCIJIZrDCvHOej.woff2 was preloaded using link preload but not used within a few seconds from the window's load event. Please make sure it has an appropriate `as` value and it is preloaded intentionally. @ https://8hxvw8tw-coda-2483.webengine.zesty.io/tx/houston/?zpw=tsasecret123:0
[  268513ms] [WARNING] The resource https://fonts.gstatic.com/s/materialsymbolsoutlined/v315/kJF1BvYX7BgnkSrUwT8OhrdQw4oELdPIeeII9v6oDMzByHX9rA6RzaxHMPdY43zj-jCxv3fzvRNU22ZXGJpEpjC_1v-p_4MrImHCIJIZrDCvHOej.woff2 was preloaded using link preload but not used within a few seconds from the window's load event. Please make sure it has an appropriate `as` value and it is preloaded intentionally. @ https://8hxvw8tw-coda-2483.webengine.zesty.io/tx/houston/?zpw=tsasecret123:0
[  280802ms] [WARNING] The resource https://fonts.gstatic.com/s/materialsymbolsoutlined/v315/kJF1BvYX7BgnkSrUwT8OhrdQw4oELdPIeeII9v6oDMzByHX9rA6RzaxHMPdY43zj-jCxv3fzvRNU22ZXGJpEpjC_1v-p_4MrImHCIJIZrDCvHOej.woff2 was preloaded using link preload but not used within a few seconds from the window's load event. Please make sure it has an appropriate `as` value and it is preloaded intentionally. @ https://8hxvw8tw-coda-2483.webengine.zesty.io/tx/houston/?zpw=tsasecret123:0
[  285334ms] [WARNING] The resource https://fonts.gstatic.com/s/materialsymbolsoutlined/v315/kJF1BvYX7BgnkSrUwT8OhrdQw4oELdPIeeII9v6oDMzByHX9rA6RzaxHMPdY43zj-jCxv3fzvRNU22ZXGJpEpjC_1v-p_4MrImHCIJIZrDCvHOej.woff2 was preloaded using link preload but not used within a few seconds from the window's load event. Please make sure it has an appropriate `as` value and it is preloaded intentionally. @ https://8hxvw8tw-coda-2483.webengine.zesty.io/tx/houston/?zpw=tsasecret123:0
[  306303ms] [WARNING] The resource https://fonts.gstatic.com/s/materialsymbolsoutlined/v315/kJF1BvYX7BgnkSrUwT8OhrdQw4oELdPIeeII9v6oDMzByHX9rA6RzaxHMPdY43zj-jCxv3fzvRNU22ZXGJpEpjC_1v-p_4MrImHCIJIZrDCvHOej.woff2 was preloaded using link preload but not used within a few seconds from the window's load event. Please make sure it has an appropriate `as` value and it is preloaded intentionally. @ https://8hxvw8tw-coda-2483.webengine.zesty.io/tx/houston/?zpw=tsasecret123:0
[  367343ms] [WARNING] The resource https://fonts.gstatic.com/s/materialsymbolsoutlined/v315/kJF1BvYX7BgnkSrUwT8OhrdQw4oELdPIeeII9v6oDMzByHX9rA6RzaxHMPdY43zj-jCxv3fzvRNU22ZXGJpEpjC_1v-p_4MrImHCIJIZrDCvHOej.woff2 was preloaded using link preload but not used within a few seconds from the window's load event. Please make sure it has an appropriate `as` value and it is preloaded intentionally. @ https://8hxvw8tw-coda-2483.webengine.zesty.io/tx/houston/?zpw=tsasecret123:0
[  374871ms] [WARNING] The resource https://fonts.gstatic.com/s/materialsymbolsoutlined/v315/kJF1BvYX7BgnkSrUwT8OhrdQw4oELdPIeeII9v6oDMzByHX9rA6RzaxHMPdY43zj-jCxv3fzvRNU22ZXGJpEpjC_1v-p_4MrImHCIJIZrDCvHOej.woff2 was preloaded using link preload but not used within a few seconds from the window's load event. Please make sure it has an appropriate `as` value and it is preloaded intentionally. @ https://8hxvw8tw-coda-2483.webengine.zesty.io/tx/houston/?zpw=tsasecret123:0
[  376502ms] [WARNING] This version of the marker clusterer is no longer in service.
  We recommend updating your code to use @googlemaps/markerclusterer instead.
  More information is available at https://github.com/googlemaps/js-markerclusterer
  and https://developers.google.com/maps/documentation/javascript/marker-clustering. @ https://developers.google.com/maps/documentation/javascript/examples/markerclusterer/markerclusterer.js:7
[  376930ms] [LOG] %c Feathery %c v2.99.1  background: #e2626e; color: white; padding: 2px 6px; border-radius: 3px 0 0 3px; font-weight: bold; background: #fce7e9; color: #c5495a; padding: 2px 6px; border-radius: 0 3px 3px 0; @ https://cdn.jsdelivr.net/npm/@feathery/react@latest/umd/index.js:1
[  376970ms] [LOG] Hit count @ https://8hxvw8tw-coda-2483.webengine.zesty.io/il/chicago/?zpw=tsasecret123:5578
[  376986ms] [WARNING] Google Maps JavaScript API has been loaded directly without loading=async. This can result in suboptimal performance. For best-practice loading patterns please see https://goo.gle/js-api-loading @ https://maps.googleapis.com/maps/api/js?key=AIzaSyB7OZh7TT1Tdw1QgEaeoAa21ygI7woeJ8Y&libraries=places,geometry,marker&callback=onGoogleMapsLoaded:2756
[  376995ms] [WARNING] pac-input element not found @ https://8hxvw8tw-coda-2483.webengine.zesty.io/site.js?v=ec25ec579e5b89cb3225685d9f4ffd01&zpw=tsasecret123:412
[  376996ms] [WARNING] As of February 21st, 2024, google.maps.Marker is deprecated. Please use google.maps.marker.AdvancedMarkerElement instead. At this time, google.maps.Marker is not scheduled to be discontinued, but google.maps.marker.AdvancedMarkerElement is recommended over google.maps.Marker. While google.maps.Marker will continue to receive bug fixes for any major regressions, existing bugs in google.maps.Marker will not be addressed. At least 12 months notice will be given before support is discontinued. Please see https://developers.google.com/maps/deprecations for additional details and https://developers.google.com/maps/documentation/javascript/advanced-markers/migration for the migration guide. @ https://maps.googleapis.com/maps/api/js?key=AIzaSyB7OZh7TT1Tdw1QgEaeoAa21ygI7woeJ8Y&libraries=places,geometry,marker&callback=onGoogleMapsLoaded:2857
[  377621ms] [WARNING] <meta name="apple-mobile-web-app-capable" content="yes"> is deprecated. Please include <meta name="mobile-web-app-capable" content="yes"> @ https://8hxvw8tw-coda-2483.webengine.zesty.io/il/chicago/?zpw=tsasecret123:0
[  377693ms] TypeError: Cannot read properties of null (reading 'classList')
    at init (https://8hxvw8tw-coda-2483.webengine.zesty.io/il/chicago/?zpw=tsasecret123:7180:13)
[  377839ms] [WARNING] No services returned from API @ https://8hxvw8tw-coda-2483.webengine.zesty.io/il/chicago/?zpw=tsasecret123:2884
[  378125ms] [WARNING] As of March 1st, 2025, google.maps.places.AutocompleteService is not available to new customers. Please use google.maps.places.AutocompleteSuggestion instead. At this time, google.maps.places.AutocompleteService is not scheduled to be discontinued, but google.maps.places.AutocompleteSuggestion is recommended over google.maps.places.AutocompleteService. While google.maps.places.AutocompleteService will continue to receive bug fixes for any major regressions, existing bugs in google.maps.places.AutocompleteService will not be addressed. At least 12 months notice will be given before support is discontinued. Please see https://developers.google.com/maps/legacy for additional details and https://developers.google.com/maps/documentation/javascript/places-migration-overview for the migration guide. @ https://maps.googleapis.com/maps/api/js?key=AIzaSyB7OZh7TT1Tdw1QgEaeoAa21ygI7woeJ8Y&libraries=places,geometry,marker&callback=onGoogleMapsLoaded:345
[  378289ms] [WARNING] An iframe which has both allow-scripts and allow-same-origin for its sandbox attribute can escape its sandboxing. @ https://www.lightboxcdn.com/vendor/bc2b12d8-0211-4938-9e2e-271b1340a80e/main.js?cb=F3FE07DA68B7F56B7C85067DDFC1687E:0
[  378423ms] [INFO] [alloy] Instance configured. Computed configuration: {personalizationStorageEnabled: false, context: Array(4), targetMigrationEnabled: false, thirdPartyCookiesEnabled: true, idMigrationEnabled: true} @ https://cdn1.adoberesources.net/alloy/2.19.2/alloy.min.js:12
[  378424ms] [INFO] [alloy] Executing sendEvent command. Options: {xdm: Object, renderDecisions: true, data: Object} @ https://cdn1.adoberesources.net/alloy/2.19.2/alloy.min.js:12
[  378425ms] [INFO] [alloy] configure command resolved. Result: {} @ https://cdn1.adoberesources.net/alloy/2.19.2/alloy.min.js:12
[  378425ms] [INFO] [alloy] Request 511ad7b0-fa94-431e-bfc0-d403118e89c1: Sending request. {meta: Object, events: Array(1), query: Object} @ https://cdn1.adoberesources.net/alloy/2.19.2/alloy.min.js:12
[  378564ms] [INFO] [alloy] Request 511ad7b0-fa94-431e-bfc0-d403118e89c1: Received response with status code 200 and response body: {requestId: 511ad7b0-fa94-431e-bfc0-d403118e89c1-ef94dbd7d58b473f, handle: Array(4)} @ https://cdn1.adoberesources.net/alloy/2.19.2/alloy.min.js:12
[  378564ms] [INFO] [alloy] Setting cookie {name: kndctr_20A0289659302A7E0A495D28_AdobeOrg_cluster, value: sgp3, domain: zesty.io, expires: Wed Sep 30 2026 22:11:46 GMT+0800 (Taiwan Standard Time), sameSite: none} @ https://cdn1.adoberesources.net/alloy/2.19.2/alloy.min.js:12
[  378565ms] [INFO] [alloy] sendEvent command resolved. Result: {destinations: Array(0), inferences: Array(0), propositions: Array(0), decisions: Array(0)} @ https://cdn1.adoberesources.net/alloy/2.19.2/alloy.min.js:12
[  378917ms] [LOG] test @ https://www.lightboxcdn.com/vendor/bc2b12d8-0211-4938-9e2e-271b1340a80e/custom.js?cb=BAFE00B9627F9E041F24B9093F225A93:0
[  378917ms] [LOG] lightbox modal ID: null @ https://www.lightboxcdn.com/vendor/bc2b12d8-0211-4938-9e2e-271b1340a80e/custom.js?cb=BAFE00B9627F9E041F24B9093F225A93:0
[  380220ms] [ERROR] Failed to load resource: the server responded with a status of 400 () @ https://events.api.boomtrain.com/event/track:0
[  384887ms] [WARNING] This version of the marker clusterer is no longer in service.
  We recommend updating your code to use @googlemaps/markerclusterer instead.
  More information is available at https://github.com/googlemaps/js-markerclusterer
  and https://developers.google.com/maps/documentation/javascript/marker-clustering. @ https://developers.google.com/maps/documentation/javascript/examples/markerclusterer/markerclusterer.js:7
[  385049ms] [LOG] %c Feathery %c v2.99.1  background: #e2626e; color: white; padding: 2px 6px; border-radius: 3px 0 0 3px; font-weight: bold; background: #fce7e9; color: #c5495a; padding: 2px 6px; border-radius: 0 3px 3px 0; @ https://cdn.jsdelivr.net/npm/@feathery/react@latest/umd/index.js:1
[  385202ms] [LOG] Hit count @ https://8hxvw8tw-coda-2483.webengine.zesty.io/il/chicago/?zpw=tsasecret123:5578
[  385218ms] [WARNING] Google Maps JavaScript API has been loaded directly without loading=async. This can result in suboptimal performance. For best-practice loading patterns please see https://goo.gle/js-api-loading @ https://maps.googleapis.com/maps/api/js?key=AIzaSyB7OZh7TT1Tdw1QgEaeoAa21ygI7woeJ8Y&libraries=places,geometry,marker&callback=onGoogleMapsLoaded:2756
[  385227ms] [WARNING] pac-input element not found @ https://8hxvw8tw-coda-2483.webengine.zesty.io/site.js?v=7fdb0b302e0457d74eb94f5f3516bd44&zpw=tsasecret123:412
[  385227ms] [WARNING] As of February 21st, 2024, google.maps.Marker is deprecated. Please use google.maps.marker.AdvancedMarkerElement instead. At this time, google.maps.Marker is not scheduled to be discontinued, but google.maps.marker.AdvancedMarkerElement is recommended over google.maps.Marker. While google.maps.Marker will continue to receive bug fixes for any major regressions, existing bugs in google.maps.Marker will not be addressed. At least 12 months notice will be given before support is discontinued. Please see https://developers.google.com/maps/deprecations for additional details and https://developers.google.com/maps/documentation/javascript/advanced-markers/migration for the migration guide. @ https://maps.googleapis.com/maps/api/js?key=AIzaSyB7OZh7TT1Tdw1QgEaeoAa21ygI7woeJ8Y&libraries=places,geometry,marker&callback=onGoogleMapsLoaded:2857
[  385289ms] [INFO] [alloy] Instance configured. Computed configuration: {personalizationStorageEnabled: false, context: Array(4), targetMigrationEnabled: false, thirdPartyCookiesEnabled: true, idMigrationEnabled: true} @ https://cdn1.adoberesources.net/alloy/2.19.2/alloy.min.js:12
[  385290ms] [INFO] [alloy] Executing sendEvent command. Options: {xdm: Object, renderDecisions: true, data: Object} @ https://cdn1.adoberesources.net/alloy/2.19.2/alloy.min.js:12
[  385291ms] [INFO] [alloy] configure command resolved. Result: {} @ https://cdn1.adoberesources.net/alloy/2.19.2/alloy.min.js:12
[  385292ms] [INFO] [alloy] Request 772bd2a4-fc1e-4c4b-96f1-f79dd38c6b31: Sending request. {meta: Object, events: Array(1), query: Object} @ https://cdn1.adoberesources.net/alloy/2.19.2/alloy.min.js:12
[  385353ms] [INFO] [alloy] Request 772bd2a4-fc1e-4c4b-96f1-f79dd38c6b31: Received response with status code 200 and response body: {requestId: 772bd2a4-fc1e-4c4b-96f1-f79dd38c6b31-3713235b233c4085, handle: Array(4)} @ https://cdn1.adoberesources.net/alloy/2.19.2/alloy.min.js:12
[  385353ms] [INFO] [alloy] Setting cookie {name: kndctr_20A0289659302A7E0A495D28_AdobeOrg_cluster, value: sgp3, domain: zesty.io, expires: Wed Sep 30 2026 22:11:53 GMT+0800 (Taiwan Standard Time), sameSite: none} @ https://cdn1.adoberesources.net/alloy/2.19.2/alloy.min.js:12
[  385354ms] [INFO] [alloy] sendEvent command resolved. Result: {destinations: Array(0), inferences: Array(0), propositions: Array(0), decisions: Array(0)} @ https://cdn1.adoberesources.net/alloy/2.19.2/alloy.min.js:12
[  385732ms] [ERROR] Failed to load resource: the server responded with a status of 400 () @ https://events.api.boomtrain.com/event/track:0
[  385885ms] TypeError: Cannot read properties of null (reading 'classList')
    at init (https://8hxvw8tw-coda-2483.webengine.zesty.io/il/chicago/?zpw=tsasecret123:7180:13)
[  386024ms] [WARNING] No services returned from API @ https://8hxvw8tw-coda-2483.webengine.zesty.io/il/chicago/?zpw=tsasecret123:2884
[  386089ms] [WARNING] <meta name="apple-mobile-web-app-capable" content="yes"> is deprecated. Please include <meta name="mobile-web-app-capable" content="yes"> @ https://8hxvw8tw-coda-2483.webengine.zesty.io/il/chicago/?zpw=tsasecret123:0
[  386589ms] [WARNING] As of March 1st, 2025, google.maps.places.AutocompleteService is not available to new customers. Please use google.maps.places.AutocompleteSuggestion instead. At this time, google.maps.places.AutocompleteService is not scheduled to be discontinued, but google.maps.places.AutocompleteSuggestion is recommended over google.maps.places.AutocompleteService. While google.maps.places.AutocompleteService will continue to receive bug fixes for any major regressions, existing bugs in google.maps.places.AutocompleteService will not be addressed. At least 12 months notice will be given before support is discontinued. Please see https://developers.google.com/maps/legacy for additional details and https://developers.google.com/maps/documentation/javascript/places-migration-overview for the migration guide. @ https://maps.googleapis.com/maps/api/js?key=AIzaSyB7OZh7TT1Tdw1QgEaeoAa21ygI7woeJ8Y&libraries=places,geometry,marker&callback=onGoogleMapsLoaded:345
[  394467ms] [WARNING] This version of the marker clusterer is no longer in service.
  We recommend updating your code to use @googlemaps/markerclusterer instead.
  More information is available at https://github.com/googlemaps/js-markerclusterer
  and https://developers.google.com/maps/documentation/javascript/marker-clustering. @ https://developers.google.com/maps/documentation/javascript/examples/markerclusterer/markerclusterer.js:7
[  394747ms] [LOG] %c Feathery %c v2.99.1  background: #e2626e; color: white; padding: 2px 6px; border-radius: 3px 0 0 3px; font-weight: bold; background: #fce7e9; color: #c5495a; padding: 2px 6px; border-radius: 0 3px 3px 0; @ https://cdn.jsdelivr.net/npm/@feathery/react@latest/umd/index.js:1
[  395286ms] [LOG] Hit count @ https://8hxvw8tw-coda-2483.webengine.zesty.io/il/chicago/?zpw=tsasecret123:5578
[  395306ms] [WARNING] Google Maps JavaScript API has been loaded directly without loading=async. This can result in suboptimal performance. For best-practice loading patterns please see https://goo.gle/js-api-loading @ https://maps.googleapis.com/maps/api/js?key=AIzaSyB7OZh7TT1Tdw1QgEaeoAa21ygI7woeJ8Y&libraries=places,geometry,marker&callback=onGoogleMapsLoaded:2756
[  395315ms] [WARNING] pac-input element not found @ https://8hxvw8tw-coda-2483.webengine.zesty.io/site.js?v=931c5430b61b11ec001d3ee016b5ad20&zpw=tsasecret123:412
[  395316ms] [WARNING] As of February 21st, 2024, google.maps.Marker is deprecated. Please use google.maps.marker.AdvancedMarkerElement instead. At this time, google.maps.Marker is not scheduled to be discontinued, but google.maps.marker.AdvancedMarkerElement is recommended over google.maps.Marker. While google.maps.Marker will continue to receive bug fixes for any major regressions, existing bugs in google.maps.Marker will not be addressed. At least 12 months notice will be given before support is discontinued. Please see https://developers.google.com/maps/deprecations for additional details and https://developers.google.com/maps/documentation/javascript/advanced-markers/migration for the migration guide. @ https://maps.googleapis.com/maps/api/js?key=AIzaSyB7OZh7TT1Tdw1QgEaeoAa21ygI7woeJ8Y&libraries=places,geometry,marker&callback=onGoogleMapsLoaded:2857
[  395366ms] [INFO] [alloy] Instance configured. Computed configuration: {personalizationStorageEnabled: false, context: Array(4), targetMigrationEnabled: false, thirdPartyCookiesEnabled: true, idMigrationEnabled: true} @ https://cdn1.adoberesources.net/alloy/2.19.2/alloy.min.js:12
[  395368ms] [INFO] [alloy] Executing sendEvent command. Options: {xdm: Object, renderDecisions: true, data: Object} @ https://cdn1.adoberesources.net/alloy/2.19.2/alloy.min.js:12
[  395368ms] [INFO] [alloy] configure command resolved. Result: {} @ https://cdn1.adoberesources.net/alloy/2.19.2/alloy.min.js:12
[  395369ms] [INFO] [alloy] Request 89b912f6-5493-4608-8643-ffec79a522bf: Sending request. {meta: Object, events: Array(1), query: Object} @ https://cdn1.adoberesources.net/alloy/2.19.2/alloy.min.js:12
[  395445ms] [INFO] [alloy] Request 89b912f6-5493-4608-8643-ffec79a522bf: Received response with status code 200 and response body: {requestId: 89b912f6-5493-4608-8643-ffec79a522bf-390fb12de0834286, handle: Array(4)} @ https://cdn1.adoberesources.net/alloy/2.19.2/alloy.min.js:12
[  395445ms] [INFO] [alloy] Setting cookie {name: kndctr_20A0289659302A7E0A495D28_AdobeOrg_cluster, value: sgp3, domain: zesty.io, expires: Wed Sep 30 2026 22:12:03 GMT+0800 (Taiwan Standard Time), sameSite: none} @ https://cdn1.adoberesources.net/alloy/2.19.2/alloy.min.js:12
[  395446ms] [INFO] [alloy] sendEvent command resolved. Result: {destinations: Array(0), inferences: Array(0), propositions: Array(0), decisions: Array(0)} @ https://cdn1.adoberesources.net/alloy/2.19.2/alloy.min.js:12
[  395842ms] [ERROR] Failed to load resource: the server responded with a status of 400 () @ https://events.api.boomtrain.com/event/track:0
[  395920ms] TypeError: Cannot read properties of null (reading 'classList')
    at init (https://8hxvw8tw-coda-2483.webengine.zesty.io/il/chicago/?zpw=tsasecret123:7180:13)
[  396227ms] [WARNING] <meta name="apple-mobile-web-app-capable" content="yes"> is deprecated. Please include <meta name="mobile-web-app-capable" content="yes"> @ https://8hxvw8tw-coda-2483.webengine.zesty.io/il/chicago/?zpw=tsasecret123:0
[  396227ms] [WARNING] No services returned from API @ https://8hxvw8tw-coda-2483.webengine.zesty.io/il/chicago/?zpw=tsasecret123:2884
[  396723ms] [WARNING] As of March 1st, 2025, google.maps.places.AutocompleteService is not available to new customers. Please use google.maps.places.AutocompleteSuggestion instead. At this time, google.maps.places.AutocompleteService is not scheduled to be discontinued, but google.maps.places.AutocompleteSuggestion is recommended over google.maps.places.AutocompleteService. While google.maps.places.AutocompleteService will continue to receive bug fixes for any major regressions, existing bugs in google.maps.places.AutocompleteService will not be addressed. At least 12 months notice will be given before support is discontinued. Please see https://developers.google.com/maps/legacy for additional details and https://developers.google.com/maps/documentation/javascript/places-migration-overview for the migration guide. @ https://maps.googleapis.com/maps/api/js?key=AIzaSyB7OZh7TT1Tdw1QgEaeoAa21ygI7woeJ8Y&libraries=places,geometry,marker&callback=onGoogleMapsLoaded:345
[  405033ms] [WARNING] The resource https://fonts.gstatic.com/s/materialsymbolsoutlined/v315/kJF1BvYX7BgnkSrUwT8OhrdQw4oELdPIeeII9v6oDMzByHX9rA6RzaxHMPdY43zj-jCxv3fzvRNU22ZXGJpEpjC_1v-p_4MrImHCIJIZrDCvHOej.woff2 was preloaded using link preload but not used within a few seconds from the window's load event. Please make sure it has an appropriate `as` value and it is preloaded intentionally. @ https://8hxvw8tw-coda-2483.webengine.zesty.io/il/chicago/?zpw=tsasecret123:0
[  409100ms] [WARNING] The resource https://fonts.gstatic.com/s/materialsymbolsoutlined/v315/kJF1BvYX7BgnkSrUwT8OhrdQw4oELdPIeeII9v6oDMzByHX9rA6RzaxHMPdY43zj-jCxv3fzvRNU22ZXGJpEpjC_1v-p_4MrImHCIJIZrDCvHOej.woff2 was preloaded using link preload but not used within a few seconds from the window's load event. Please make sure it has an appropriate `as` value and it is preloaded intentionally. @ https://8hxvw8tw-coda-2483.webengine.zesty.io/il/chicago/?zpw=tsasecret123:0
[  415362ms] [WARNING] The resource https://fonts.gstatic.com/s/materialsymbolsoutlined/v315/kJF1BvYX7BgnkSrUwT8OhrdQw4oELdPIeeII9v6oDMzByHX9rA6RzaxHMPdY43zj-jCxv3fzvRNU22ZXGJpEpjC_1v-p_4MrImHCIJIZrDCvHOej.woff2 was preloaded using link preload but not used within a few seconds from the window's load event. Please make sure it has an appropriate `as` value and it is preloaded intentionally. @ https://8hxvw8tw-coda-2483.webengine.zesty.io/il/chicago/?zpw=tsasecret123:0
[  417795ms] [WARNING] This version of the marker clusterer is no longer in service.
  We recommend updating your code to use @googlemaps/markerclusterer instead.
  More information is available at https://github.com/googlemaps/js-markerclusterer
  and https://developers.google.com/maps/documentation/javascript/marker-clustering. @ https://developers.google.com/maps/documentation/javascript/examples/markerclusterer/markerclusterer.js:7
[  418215ms] [LOG] %c Feathery %c v2.99.1  background: #e2626e; color: white; padding: 2px 6px; border-radius: 3px 0 0 3px; font-weight: bold; background: #fce7e9; color: #c5495a; padding: 2px 6px; border-radius: 0 3px 3px 0; @ https://cdn.jsdelivr.net/npm/@feathery/react@latest/umd/index.js:1
[  418226ms] [LOG] Hit count @ https://8hxvw8tw-coda-2483.webengine.zesty.io/il/chicago/?zpw=tsasecret123:5578
[  418270ms] [WARNING] Google Maps JavaScript API has been loaded directly without loading=async. This can result in suboptimal performance. For best-practice loading patterns please see https://goo.gle/js-api-loading @ https://maps.googleapis.com/maps/api/js?key=AIzaSyB7OZh7TT1Tdw1QgEaeoAa21ygI7woeJ8Y&libraries=places,geometry,marker&callback=onGoogleMapsLoaded:2756
[  418281ms] [WARNING] pac-input element not found @ https://8hxvw8tw-coda-2483.webengine.zesty.io/site.js?v=19121b45eb8527ad8687192ce41dafd2&zpw=tsasecret123:412
[  418281ms] [WARNING] As of February 21st, 2024, google.maps.Marker is deprecated. Please use google.maps.marker.AdvancedMarkerElement instead. At this time, google.maps.Marker is not scheduled to be discontinued, but google.maps.marker.AdvancedMarkerElement is recommended over google.maps.Marker. While google.maps.Marker will continue to receive bug fixes for any major regressions, existing bugs in google.maps.Marker will not be addressed. At least 12 months notice will be given before support is discontinued. Please see https://developers.google.com/maps/deprecations for additional details and https://developers.google.com/maps/documentation/javascript/advanced-markers/migration for the migration guide. @ https://maps.googleapis.com/maps/api/js?key=AIzaSyB7OZh7TT1Tdw1QgEaeoAa21ygI7woeJ8Y&libraries=places,geometry,marker&callback=onGoogleMapsLoaded:2857
[  418344ms] [INFO] [alloy] Instance configured. Computed configuration: {personalizationStorageEnabled: false, context: Array(4), targetMigrationEnabled: false, thirdPartyCookiesEnabled: true, idMigrationEnabled: true} @ https://cdn1.adoberesources.net/alloy/2.19.2/alloy.min.js:12
[  418345ms] [INFO] [alloy] Executing sendEvent command. Options: {xdm: Object, renderDecisions: true, data: Object} @ https://cdn1.adoberesources.net/alloy/2.19.2/alloy.min.js:12
[  418346ms] [INFO] [alloy] configure command resolved. Result: {} @ https://cdn1.adoberesources.net/alloy/2.19.2/alloy.min.js:12
[  418346ms] [INFO] [alloy] Request 7577792f-a20e-4b08-9684-f5091915645e: Sending request. {meta: Object, events: Array(1), query: Object} @ https://cdn1.adoberesources.net/alloy/2.19.2/alloy.min.js:12
[  418411ms] [INFO] [alloy] Request 7577792f-a20e-4b08-9684-f5091915645e: Received response with status code 200 and response body: {requestId: 7577792f-a20e-4b08-9684-f5091915645e-acc49d7d1d2d4c85, handle: Array(4)} @ https://cdn1.adoberesources.net/alloy/2.19.2/alloy.min.js:12
[  418411ms] [INFO] [alloy] Setting cookie {name: kndctr_20A0289659302A7E0A495D28_AdobeOrg_cluster, value: sgp3, domain: zesty.io, expires: Wed Sep 30 2026 22:12:26 GMT+0800 (Taiwan Standard Time), sameSite: none} @ https://cdn1.adoberesources.net/alloy/2.19.2/alloy.min.js:12
[  418412ms] [INFO] [alloy] sendEvent command resolved. Result: {destinations: Array(0), inferences: Array(0), propositions: Array(0), decisions: Array(0)} @ https://cdn1.adoberesources.net/alloy/2.19.2/alloy.min.js:12
[  418774ms] [ERROR] Failed to load resource: the server responded with a status of 400 () @ https://events.api.boomtrain.com/event/track:0
[  418881ms] TypeError: Cannot read properties of null (reading 'classList')
    at init (https://8hxvw8tw-coda-2483.webengine.zesty.io/il/chicago/?zpw=tsasecret123:7180:13)
[  419247ms] [WARNING] <meta name="apple-mobile-web-app-capable" content="yes"> is deprecated. Please include <meta name="mobile-web-app-capable" content="yes"> @ https://8hxvw8tw-coda-2483.webengine.zesty.io/il/chicago/?zpw=tsasecret123:0
[  419263ms] [WARNING] No services returned from API @ https://8hxvw8tw-coda-2483.webengine.zesty.io/il/chicago/?zpw=tsasecret123:2884
[  419750ms] [WARNING] As of March 1st, 2025, google.maps.places.AutocompleteService is not available to new customers. Please use google.maps.places.AutocompleteSuggestion instead. At this time, google.maps.places.AutocompleteService is not scheduled to be discontinued, but google.maps.places.AutocompleteSuggestion is recommended over google.maps.places.AutocompleteService. While google.maps.places.AutocompleteService will continue to receive bug fixes for any major regressions, existing bugs in google.maps.places.AutocompleteService will not be addressed. At least 12 months notice will be given before support is discontinued. Please see https://developers.google.com/maps/legacy for additional details and https://developers.google.com/maps/documentation/javascript/places-migration-overview for the migration guide. @ https://maps.googleapis.com/maps/api/js?key=AIzaSyB7OZh7TT1Tdw1QgEaeoAa21ygI7woeJ8Y&libraries=places,geometry,marker&callback=onGoogleMapsLoaded:345
[  425040ms] [WARNING] The resource https://fonts.gstatic.com/s/materialsymbolsoutlined/v315/kJF1BvYX7BgnkSrUwT8OhrdQw4oELdPIeeII9v6oDMzByHX9rA6RzaxHMPdY43zj-jCxv3fzvRNU22ZXGJpEpjC_1v-p_4MrImHCIJIZrDCvHOej.woff2 was preloaded using link preload but not used within a few seconds from the window's load event. Please make sure it has an appropriate `as` value and it is preloaded intentionally. @ https://8hxvw8tw-coda-2483.webengine.zesty.io/il/chicago/?zpw=tsasecret123:0
[  432071ms] [WARNING] The resource https://fonts.gstatic.com/s/materialsymbolsoutlined/v315/kJF1BvYX7BgnkSrUwT8OhrdQw4oELdPIeeII9v6oDMzByHX9rA6RzaxHMPdY43zj-jCxv3fzvRNU22ZXGJpEpjC_1v-p_4MrImHCIJIZrDCvHOej.woff2 was preloaded using link preload but not used within a few seconds from the window's load event. Please make sure it has an appropriate `as` value and it is preloaded intentionally. @ https://8hxvw8tw-coda-2483.webengine.zesty.io/il/chicago/?zpw=tsasecret123:0
[  436646ms] [WARNING] The resource https://fonts.gstatic.com/s/materialsymbolsoutlined/v315/kJF1BvYX7BgnkSrUwT8OhrdQw4oELdPIeeII9v6oDMzByHX9rA6RzaxHMPdY43zj-jCxv3fzvRNU22ZXGJpEpjC_1v-p_4MrImHCIJIZrDCvHOej.woff2 was preloaded using link preload but not used within a few seconds from the window's load event. Please make sure it has an appropriate `as` value and it is preloaded intentionally. @ https://8hxvw8tw-coda-2483.webengine.zesty.io/il/chicago/?zpw=tsasecret123:0
[  441705ms] [WARNING] The resource https://fonts.gstatic.com/s/materialsymbolsoutlined/v315/kJF1BvYX7BgnkSrUwT8OhrdQw4oELdPIeeII9v6oDMzByHX9rA6RzaxHMPdY43zj-jCxv3fzvRNU22ZXGJpEpjC_1v-p_4MrImHCIJIZrDCvHOej.woff2 was preloaded using link preload but not used within a few seconds from the window's load event. Please make sure it has an appropriate `as` value and it is preloaded intentionally. @ https://8hxvw8tw-coda-2483.webengine.zesty.io/il/chicago/?zpw=tsasecret123:0
[  446231ms] [WARNING] The resource https://fonts.gstatic.com/s/materialsymbolsoutlined/v315/kJF1BvYX7BgnkSrUwT8OhrdQw4oELdPIeeII9v6oDMzByHX9rA6RzaxHMPdY43zj-jCxv3fzvRNU22ZXGJpEpjC_1v-p_4MrImHCIJIZrDCvHOej.woff2 was preloaded using link preload but not used within a few seconds from the window's load event. Please make sure it has an appropriate `as` value and it is preloaded intentionally. @ https://8hxvw8tw-coda-2483.webengine.zesty.io/il/chicago/?zpw=tsasecret123:0
[  462125ms] [WARNING] The resource https://fonts.gstatic.com/s/materialsymbolsoutlined/v315/kJF1BvYX7BgnkSrUwT8OhrdQw4oELdPIeeII9v6oDMzByHX9rA6RzaxHMPdY43zj-jCxv3fzvRNU22ZXGJpEpjC_1v-p_4MrImHCIJIZrDCvHOej.woff2 was preloaded using link preload but not used within a few seconds from the window's load event. Please make sure it has an appropriate `as` value and it is preloaded intentionally. @ https://8hxvw8tw-coda-2483.webengine.zesty.io/il/chicago/?zpw=tsasecret123:0
[  463903ms] [WARNING] This version of the marker clusterer is no longer in service.
  We recommend updating your code to use @googlemaps/markerclusterer instead.
  More information is available at https://github.com/googlemaps/js-markerclusterer
  and https://developers.google.com/maps/documentation/javascript/marker-clustering. @ https://developers.google.com/maps/documentation/javascript/examples/markerclusterer/markerclusterer.js:7
[  464201ms] [LOG] %c Feathery %c v2.99.1  background: #e2626e; color: white; padding: 2px 6px; border-radius: 3px 0 0 3px; font-weight: bold; background: #fce7e9; color: #c5495a; padding: 2px 6px; border-radius: 0 3px 3px 0; @ https://cdn.jsdelivr.net/npm/@feathery/react@latest/umd/index.js:1
[  464386ms] [LOG] Hit count @ https://8hxvw8tw-coda-2483.webengine.zesty.io/tx/athens/?zpw=tsasecret123:5578
[  464402ms] [WARNING] Google Maps JavaScript API has been loaded directly without loading=async. This can result in suboptimal performance. For best-practice loading patterns please see https://goo.gle/js-api-loading @ https://maps.googleapis.com/maps/api/js?key=AIzaSyB7OZh7TT1Tdw1QgEaeoAa21ygI7woeJ8Y&libraries=places,geometry,marker&callback=onGoogleMapsLoaded:2756
[  464413ms] [WARNING] pac-input element not found @ https://8hxvw8tw-coda-2483.webengine.zesty.io/site.js?v=a696a764efa0983258100b8354b0244b&zpw=tsasecret123:412
[  464414ms] [WARNING] As of February 21st, 2024, google.maps.Marker is deprecated. Please use google.maps.marker.AdvancedMarkerElement instead. At this time, google.maps.Marker is not scheduled to be discontinued, but google.maps.marker.AdvancedMarkerElement is recommended over google.maps.Marker. While google.maps.Marker will continue to receive bug fixes for any major regressions, existing bugs in google.maps.Marker will not be addressed. At least 12 months notice will be given before support is discontinued. Please see https://developers.google.com/maps/deprecations for additional details and https://developers.google.com/maps/documentation/javascript/advanced-markers/migration for the migration guide. @ https://maps.googleapis.com/maps/api/js?key=AIzaSyB7OZh7TT1Tdw1QgEaeoAa21ygI7woeJ8Y&libraries=places,geometry,marker&callback=onGoogleMapsLoaded:2857
[  464453ms] [INFO] [alloy] Instance configured. Computed configuration: {personalizationStorageEnabled: false, context: Array(4), targetMigrationEnabled: false, thirdPartyCookiesEnabled: true, idMigrationEnabled: true} @ https://cdn1.adoberesources.net/alloy/2.19.2/alloy.min.js:12
[  464455ms] [INFO] [alloy] Executing sendEvent command. Options: {xdm: Object, renderDecisions: true, data: Object} @ https://cdn1.adoberesources.net/alloy/2.19.2/alloy.min.js:12
[  464455ms] [INFO] [alloy] configure command resolved. Result: {} @ https://cdn1.adoberesources.net/alloy/2.19.2/alloy.min.js:12
[  464456ms] [INFO] [alloy] Request cb010e94-d186-4131-a4c8-82ad1cea248a: Sending request. {meta: Object, events: Array(1), query: Object} @ https://cdn1.adoberesources.net/alloy/2.19.2/alloy.min.js:12
[  464620ms] [INFO] [alloy] Request cb010e94-d186-4131-a4c8-82ad1cea248a: Received response with status code 200 and response body: {requestId: cb010e94-d186-4131-a4c8-82ad1cea248a-44c8d33697cf4095, handle: Array(4)} @ https://cdn1.adoberesources.net/alloy/2.19.2/alloy.min.js:12
[  464620ms] [INFO] [alloy] Setting cookie {name: kndctr_20A0289659302A7E0A495D28_AdobeOrg_cluster, value: sgp3, domain: zesty.io, expires: Wed Sep 30 2026 22:13:12 GMT+0800 (Taiwan Standard Time), sameSite: none} @ https://cdn1.adoberesources.net/alloy/2.19.2/alloy.min.js:12
[  464622ms] [INFO] [alloy] sendEvent command resolved. Result: {destinations: Array(0), inferences: Array(0), propositions: Array(0), decisions: Array(0)} @ https://cdn1.adoberesources.net/alloy/2.19.2/alloy.min.js:12
[  464891ms] [ERROR] Failed to load resource: the server responded with a status of 400 () @ https://events.api.boomtrain.com/event/track:0
[  465255ms] [WARNING] No services returned from API @ https://8hxvw8tw-coda-2483.webengine.zesty.io/tx/athens/?zpw=tsasecret123:2884
[  465383ms] [WARNING] <meta name="apple-mobile-web-app-capable" content="yes"> is deprecated. Please include <meta name="mobile-web-app-capable" content="yes"> @ https://8hxvw8tw-coda-2483.webengine.zesty.io/tx/athens/?zpw=tsasecret123:0
[  465873ms] TypeError: Cannot read properties of null (reading 'classList')
    at init (https://8hxvw8tw-coda-2483.webengine.zesty.io/tx/athens/?zpw=tsasecret123:7180:13)
[  465881ms] [WARNING] As of March 1st, 2025, google.maps.places.AutocompleteService is not available to new customers. Please use google.maps.places.AutocompleteSuggestion instead. At this time, google.maps.places.AutocompleteService is not scheduled to be discontinued, but google.maps.places.AutocompleteSuggestion is recommended over google.maps.places.AutocompleteService. While google.maps.places.AutocompleteService will continue to receive bug fixes for any major regressions, existing bugs in google.maps.places.AutocompleteService will not be addressed. At least 12 months notice will be given before support is discontinued. Please see https://developers.google.com/maps/legacy for additional details and https://developers.google.com/maps/documentation/javascript/places-migration-overview for the migration guide. @ https://maps.googleapis.com/maps/api/js?key=AIzaSyB7OZh7TT1Tdw1QgEaeoAa21ygI7woeJ8Y&libraries=places,geometry,marker&callback=onGoogleMapsLoaded:345
[  471109ms] [WARNING] The resource https://fonts.gstatic.com/s/materialsymbolsoutlined/v315/kJF1BvYX7BgnkSrUwT8OhrdQw4oELdPIeeII9v6oDMzByHX9rA6RzaxHMPdY43zj-jCxv3fzvRNU22ZXGJpEpjC_1v-p_4MrImHCIJIZrDCvHOej.woff2 was preloaded using link preload but not used within a few seconds from the window's load event. Please make sure it has an appropriate `as` value and it is preloaded intentionally. @ https://8hxvw8tw-coda-2483.webengine.zesty.io/tx/athens/?zpw=tsasecret123:0
[  474582ms] [WARNING] The resource https://fonts.gstatic.com/s/materialsymbolsoutlined/v315/kJF1BvYX7BgnkSrUwT8OhrdQw4oELdPIeeII9v6oDMzByHX9rA6RzaxHMPdY43zj-jCxv3fzvRNU22ZXGJpEpjC_1v-p_4MrImHCIJIZrDCvHOej.woff2 was preloaded using link preload but not used within a few seconds from the window's load event. Please make sure it has an appropriate `as` value and it is preloaded intentionally. @ https://8hxvw8tw-coda-2483.webengine.zesty.io/tx/athens/?zpw=tsasecret123:0
[  475749ms] [WARNING] This version of the marker clusterer is no longer in service.
  We recommend updating your code to use @googlemaps/markerclusterer instead.
  More information is available at https://github.com/googlemaps/js-markerclusterer
  and https://developers.google.com/maps/documentation/javascript/marker-clustering. @ https://developers.google.com/maps/documentation/javascript/examples/markerclusterer/markerclusterer.js:7
[  476199ms] [LOG] %c Feathery %c v2.99.1  background: #e2626e; color: white; padding: 2px 6px; border-radius: 3px 0 0 3px; font-weight: bold; background: #fce7e9; color: #c5495a; padding: 2px 6px; border-radius: 0 3px 3px 0; @ https://cdn.jsdelivr.net/npm/@feathery/react@latest/umd/index.js:1
[  476321ms] [LOG] Hit count @ https://8hxvw8tw-coda-2483.webengine.zesty.io/tx/port-isabel/?zpw=tsasecret123:5578
[  476342ms] [INFO] [alloy] Instance configured. Computed configuration: {personalizationStorageEnabled: false, context: Array(4), targetMigrationEnabled: false, thirdPartyCookiesEnabled: true, idMigrationEnabled: true} @ https://cdn1.adoberesources.net/alloy/2.19.2/alloy.min.js:12
[  476343ms] [INFO] [alloy] Executing sendEvent command. Options: {xdm: Object, renderDecisions: true, data: Object} @ https://cdn1.adoberesources.net/alloy/2.19.2/alloy.min.js:12
[  476344ms] [INFO] [alloy] configure command resolved. Result: {} @ https://cdn1.adoberesources.net/alloy/2.19.2/alloy.min.js:12
[  476344ms] [INFO] [alloy] Request 44fec447-4320-41d2-ad7d-2eea21b643c2: Sending request. {meta: Object, events: Array(1), query: Object} @ https://cdn1.adoberesources.net/alloy/2.19.2/alloy.min.js:12
[  476422ms] [INFO] [alloy] Request 44fec447-4320-41d2-ad7d-2eea21b643c2: Received response with status code 200 and response body: {requestId: 44fec447-4320-41d2-ad7d-2eea21b643c2-9f5a5f5fd9d64cab, handle: Array(4)} @ https://cdn1.adoberesources.net/alloy/2.19.2/alloy.min.js:12
[  476423ms] [INFO] [alloy] Setting cookie {name: kndctr_20A0289659302A7E0A495D28_AdobeOrg_cluster, value: sgp3, domain: zesty.io, expires: Wed Sep 30 2026 22:13:24 GMT+0800 (Taiwan Standard Time), sameSite: none} @ https://cdn1.adoberesources.net/alloy/2.19.2/alloy.min.js:12
[  476424ms] [INFO] [alloy] sendEvent command resolved. Result: {destinations: Array(0), inferences: Array(0), propositions: Array(0), decisions: Array(0)} @ https://cdn1.adoberesources.net/alloy/2.19.2/alloy.min.js:12
[  476767ms] [ERROR] Failed to load resource: the server responded with a status of 400 () @ https://events.api.boomtrain.com/event/track:0
[  476838ms] TypeError: Cannot read properties of null (reading 'classList')
    at init (https://8hxvw8tw-coda-2483.webengine.zesty.io/tx/port-isabel/?zpw=tsasecret123:7180:13)
[  477286ms] [WARNING] <meta name="apple-mobile-web-app-capable" content="yes"> is deprecated. Please include <meta name="mobile-web-app-capable" content="yes"> @ https://8hxvw8tw-coda-2483.webengine.zesty.io/tx/port-isabel/?zpw=tsasecret123:0
[  477316ms] [WARNING] No services returned from API @ https://8hxvw8tw-coda-2483.webengine.zesty.io/tx/port-isabel/?zpw=tsasecret123:2884
[  477788ms] ReferenceError: google is not defined
    at findHelpButtonAddressSuggestion (https://8hxvw8tw-coda-2483.webengine.zesty.io/tx/port-isabel/?zpw=tsasecret123:5610:26)
[  483040ms] [WARNING] The resource https://fonts.gstatic.com/s/materialsymbolsoutlined/v315/kJF1BvYX7BgnkSrUwT8OhrdQw4oELdPIeeII9v6oDMzByHX9rA6RzaxHMPdY43zj-jCxv3fzvRNU22ZXGJpEpjC_1v-p_4MrImHCIJIZrDCvHOej.woff2 was preloaded using link preload but not used within a few seconds from the window's load event. Please make sure it has an appropriate `as` value and it is preloaded intentionally. @ https://8hxvw8tw-coda-2483.webengine.zesty.io/tx/port-isabel/?zpw=tsasecret123:0
[  499708ms] [WARNING] The resource https://fonts.gstatic.com/s/materialsymbolsoutlined/v315/kJF1BvYX7BgnkSrUwT8OhrdQw4oELdPIeeII9v6oDMzByHX9rA6RzaxHMPdY43zj-jCxv3fzvRNU22ZXGJpEpjC_1v-p_4MrImHCIJIZrDCvHOej.woff2 was preloaded using link preload but not used within a few seconds from the window's load event. Please make sure it has an appropriate `as` value and it is preloaded intentionally. @ https://8hxvw8tw-coda-2483.webengine.zesty.io/tx/port-isabel/?zpw=tsasecret123:0
[  503219ms] [WARNING] The resource https://fonts.gstatic.com/s/materialsymbolsoutlined/v315/kJF1BvYX7BgnkSrUwT8OhrdQw4oELdPIeeII9v6oDMzByHX9rA6RzaxHMPdY43zj-jCxv3fzvRNU22ZXGJpEpjC_1v-p_4MrImHCIJIZrDCvHOej.woff2 was preloaded using link preload but not used within a few seconds from the window's load event. Please make sure it has an appropriate `as` value and it is preloaded intentionally. @ https://8hxvw8tw-coda-2483.webengine.zesty.io/tx/port-isabel/?zpw=tsasecret123:0
[  516402ms] [WARNING] The resource https://fonts.gstatic.com/s/materialsymbolsoutlined/v315/kJF1BvYX7BgnkSrUwT8OhrdQw4oELdPIeeII9v6oDMzByHX9rA6RzaxHMPdY43zj-jCxv3fzvRNU22ZXGJpEpjC_1v-p_4MrImHCIJIZrDCvHOej.woff2 was preloaded using link preload but not used within a few seconds from the window's load event. Please make sure it has an appropriate `as` value and it is preloaded intentionally. @ https://8hxvw8tw-coda-2483.webengine.zesty.io/tx/port-isabel/?zpw=tsasecret123:0
[  518198ms] [WARNING] This version of the marker clusterer is no longer in service.
  We recommend updating your code to use @googlemaps/markerclusterer instead.
  More information is available at https://github.com/googlemaps/js-markerclusterer
  and https://developers.google.com/maps/documentation/javascript/marker-clustering. @ https://developers.google.com/maps/documentation/javascript/examples/markerclusterer/markerclusterer.js:7
[  518361ms] [LOG] %c Feathery %c v2.99.1  background: #e2626e; color: white; padding: 2px 6px; border-radius: 3px 0 0 3px; font-weight: bold; background: #fce7e9; color: #c5495a; padding: 2px 6px; border-radius: 0 3px 3px 0; @ https://cdn.jsdelivr.net/npm/@feathery/react@latest/umd/index.js:1
[  518387ms] [LOG] Hit count @ https://8hxvw8tw-coda-2483.webengine.zesty.io/tx/waco/?zpw=tsasecret123:5578
[  518425ms] [WARNING] Google Maps JavaScript API has been loaded directly without loading=async. This can result in suboptimal performance. For best-practice loading patterns please see https://goo.gle/js-api-loading @ https://maps.googleapis.com/maps/api/js?key=AIzaSyB7OZh7TT1Tdw1QgEaeoAa21ygI7woeJ8Y&libraries=places,geometry,marker&callback=onGoogleMapsLoaded:2756
[  518435ms] [WARNING] pac-input element not found @ https://8hxvw8tw-coda-2483.webengine.zesty.io/site.js?v=8c5046f098a54ed89217f08758c0ac01&zpw=tsasecret123:412
[  518435ms] [WARNING] As of February 21st, 2024, google.maps.Marker is deprecated. Please use google.maps.marker.AdvancedMarkerElement instead. At this time, google.maps.Marker is not scheduled to be discontinued, but google.maps.marker.AdvancedMarkerElement is recommended over google.maps.Marker. While google.maps.Marker will continue to receive bug fixes for any major regressions, existing bugs in google.maps.Marker will not be addressed. At least 12 months notice will be given before support is discontinued. Please see https://developers.google.com/maps/deprecations for additional details and https://developers.google.com/maps/documentation/javascript/advanced-markers/migration for the migration guide. @ https://maps.googleapis.com/maps/api/js?key=AIzaSyB7OZh7TT1Tdw1QgEaeoAa21ygI7woeJ8Y&libraries=places,geometry,marker&callback=onGoogleMapsLoaded:2857
[  518484ms] [INFO] [alloy] Instance configured. Computed configuration: {personalizationStorageEnabled: false, context: Array(4), targetMigrationEnabled: false, thirdPartyCookiesEnabled: true, idMigrationEnabled: true} @ https://cdn1.adoberesources.net/alloy/2.19.2/alloy.min.js:12
[  518485ms] [INFO] [alloy] Executing sendEvent command. Options: {xdm: Object, renderDecisions: true, data: Object} @ https://cdn1.adoberesources.net/alloy/2.19.2/alloy.min.js:12
[  518486ms] [INFO] [alloy] configure command resolved. Result: {} @ https://cdn1.adoberesources.net/alloy/2.19.2/alloy.min.js:12
[  518487ms] [INFO] [alloy] Request c70773b1-c5a8-4311-9c54-104c8b3f13d6: Sending request. {meta: Object, events: Array(1), query: Object} @ https://cdn1.adoberesources.net/alloy/2.19.2/alloy.min.js:12
[  518641ms] [INFO] [alloy] Request c70773b1-c5a8-4311-9c54-104c8b3f13d6: Received response with status code 200 and response body: {requestId: c70773b1-c5a8-4311-9c54-104c8b3f13d6-b54d7bb2ae7b4600, handle: Array(4)} @ https://cdn1.adoberesources.net/alloy/2.19.2/alloy.min.js:12
[  518641ms] [INFO] [alloy] Setting cookie {name: kndctr_20A0289659302A7E0A495D28_AdobeOrg_cluster, value: sgp3, domain: zesty.io, expires: Wed Sep 30 2026 22:14:06 GMT+0800 (Taiwan Standard Time), sameSite: none} @ https://cdn1.adoberesources.net/alloy/2.19.2/alloy.min.js:12
[  518643ms] [INFO] [alloy] sendEvent command resolved. Result: {destinations: Array(0), inferences: Array(0), propositions: Array(0), decisions: Array(0)} @ https://cdn1.adoberesources.net/alloy/2.19.2/alloy.min.js:12
[  518916ms] [ERROR] Failed to load resource: the server responded with a status of 400 () @ https://events.api.boomtrain.com/event/track:0
[  519302ms] [WARNING] <meta name="apple-mobile-web-app-capable" content="yes"> is deprecated. Please include <meta name="mobile-web-app-capable" content="yes"> @ https://8hxvw8tw-coda-2483.webengine.zesty.io/tx/waco/?zpw=tsasecret123:0
[  519449ms] [WARNING] No services returned from API @ https://8hxvw8tw-coda-2483.webengine.zesty.io/tx/waco/?zpw=tsasecret123:2884
[  519489ms] TypeError: Cannot read properties of null (reading 'classList')
    at init (https://8hxvw8tw-coda-2483.webengine.zesty.io/tx/waco/?zpw=tsasecret123:7180:13)
[  519814ms] [WARNING] As of March 1st, 2025, google.maps.places.AutocompleteService is not available to new customers. Please use google.maps.places.AutocompleteSuggestion instead. At this time, google.maps.places.AutocompleteService is not scheduled to be discontinued, but google.maps.places.AutocompleteSuggestion is recommended over google.maps.places.AutocompleteService. While google.maps.places.AutocompleteService will continue to receive bug fixes for any major regressions, existing bugs in google.maps.places.AutocompleteService will not be addressed. At least 12 months notice will be given before support is discontinued. Please see https://developers.google.com/maps/legacy for additional details and https://developers.google.com/maps/documentation/javascript/places-migration-overview for the migration guide. @ https://maps.googleapis.com/maps/api/js?key=AIzaSyB7OZh7TT1Tdw1QgEaeoAa21ygI7woeJ8Y&libraries=places,geometry,marker&callback=onGoogleMapsLoaded:345
[  528336ms] [WARNING] The resource https://fonts.gstatic.com/s/materialsymbolsoutlined/v315/kJF1BvYX7BgnkSrUwT8OhrdQw4oELdPIeeII9v6oDMzByHX9rA6RzaxHMPdY43zj-jCxv3fzvRNU22ZXGJpEpjC_1v-p_4MrImHCIJIZrDCvHOej.woff2 was preloaded using link preload but not used within a few seconds from the window's load event. Please make sure it has an appropriate `as` value and it is preloaded intentionally. @ https://8hxvw8tw-coda-2483.webengine.zesty.io/tx/waco/?zpw=tsasecret123:0
[  532598ms] [WARNING] The resource https://fonts.gstatic.com/s/materialsymbolsoutlined/v315/kJF1BvYX7BgnkSrUwT8OhrdQw4oELdPIeeII9v6oDMzByHX9rA6RzaxHMPdY43zj-jCxv3fzvRNU22ZXGJpEpjC_1v-p_4MrImHCIJIZrDCvHOej.woff2 was preloaded using link preload but not used within a few seconds from the window's load event. Please make sure it has an appropriate `as` value and it is preloaded intentionally. @ https://8hxvw8tw-coda-2483.webengine.zesty.io/tx/waco/?zpw=tsasecret123:0
[  542455ms] [ERROR] Failed to load resource: net::ERR_CONNECTION_CLOSED @ https://unpkg.com/@googlemaps/markerclusterer/dist/index.min.js:0
[  542583ms] [WARNING] This version of the marker clusterer is no longer in service.
  We recommend updating your code to use @googlemaps/markerclusterer instead.
  More information is available at https://github.com/googlemaps/js-markerclusterer
  and https://developers.google.com/maps/documentation/javascript/marker-clustering. @ https://developers.google.com/maps/documentation/javascript/examples/markerclusterer/markerclusterer.js:7
[  542911ms] [LOG] %c Feathery %c v2.99.1  background: #e2626e; color: white; padding: 2px 6px; border-radius: 3px 0 0 3px; font-weight: bold; background: #fce7e9; color: #c5495a; padding: 2px 6px; border-radius: 0 3px 3px 0; @ https://cdn.jsdelivr.net/npm/@feathery/react@latest/umd/index.js:1
[  543162ms] [LOG] Hit count @ https://8hxvw8tw-dev.webengine.zesty.io/tx/houston/?zpw=tsasecret123:5980
[  543659ms] [WARNING] <meta name="apple-mobile-web-app-capable" content="yes"> is deprecated. Please include <meta name="mobile-web-app-capable" content="yes"> @ https://8hxvw8tw-dev.webengine.zesty.io/tx/houston/?zpw=tsasecret123:0
[  544023ms] [LOG] [Object, Object, Object, Object, Object, Object, Object, Object, Object, Object, Object, Object, Object, Object, Object, Object, Object, Object, Object, Object, Object] @ https://8hxvw8tw-dev.webengine.zesty.io/tx/houston/?zpw=tsasecret123:3304
[  544157ms] ReferenceError: google is not defined
    at findHelpButtonAddressSuggestion (https://8hxvw8tw-dev.webengine.zesty.io/tx/houston/?zpw=tsasecret123:6012:26)
[  544430ms] [INFO] [alloy] Instance configured. Computed configuration: {personalizationStorageEnabled: false, context: Array(4), targetMigrationEnabled: false, thirdPartyCookiesEnabled: true, idMigrationEnabled: true} @ https://cdn1.adoberesources.net/alloy/2.19.2/alloy.min.js:12
[  544431ms] [INFO] [alloy] Executing sendEvent command. Options: {xdm: Object, renderDecisions: true, data: Object} @ https://cdn1.adoberesources.net/alloy/2.19.2/alloy.min.js:12
[  544432ms] [INFO] [alloy] configure command resolved. Result: {} @ https://cdn1.adoberesources.net/alloy/2.19.2/alloy.min.js:12
[  544433ms] [INFO] [alloy] Request d3515600-9dcc-44aa-8bc6-d2ae31f724d4: Sending request. {meta: Object, events: Array(1), query: Object} @ https://cdn1.adoberesources.net/alloy/2.19.2/alloy.min.js:12
[  544494ms] [INFO] [alloy] Request d3515600-9dcc-44aa-8bc6-d2ae31f724d4: Received response with status code 200 and response body: {requestId: d3515600-9dcc-44aa-8bc6-d2ae31f724d4-0813bbe27f0e48e2, handle: Array(4)} @ https://cdn1.adoberesources.net/alloy/2.19.2/alloy.min.js:12
[  544494ms] [INFO] [alloy] Setting cookie {name: kndctr_20A0289659302A7E0A495D28_AdobeOrg_cluster, value: sgp3, domain: zesty.io, expires: Wed Sep 30 2026 22:14:32 GMT+0800 (Taiwan Standard Time), sameSite: none} @ https://cdn1.adoberesources.net/alloy/2.19.2/alloy.min.js:12
[  544496ms] [INFO] [alloy] sendEvent command resolved. Result: {destinations: Array(0), inferences: Array(0), propositions: Array(0), decisions: Array(0)} @ https://cdn1.adoberesources.net/alloy/2.19.2/alloy.min.js:12
[  545604ms] [ERROR] Failed to load resource: the server responded with a status of 400 () @ https://events.api.boomtrain.com/event/track:0
[  545658ms] TypeError: Cannot read properties of null (reading 'classList')
    at init (https://8hxvw8tw-dev.webengine.zesty.io/tx/houston/?zpw=tsasecret123:7582:13)
[  548659ms] [WARNING] This version of the marker clusterer is no longer in service.
  We recommend updating your code to use @googlemaps/markerclusterer instead.
  More information is available at https://github.com/googlemaps/js-markerclusterer
  and https://developers.google.com/maps/documentation/javascript/marker-clustering. @ https://developers.google.com/maps/documentation/javascript/examples/markerclusterer/markerclusterer.js:7
[  549038ms] [LOG] {requested_zuid: 7-ec8a80fdbe-46hzww, requested_model: 6-deab97cfd9-wb5km4, has_match: true, volunteer_page_zuid: 7-b0e2afd6f9-t0dckq, volunteer_url: /usa-central-territory/volunteer/} RESPONSE @ https://8hxvw8tw-dev.webengine.zesty.io/il/chicago/?zpw=tsasecret123:2799
[  549146ms] [LOG] Hit count @ https://8hxvw8tw-dev.webengine.zesty.io/il/chicago/?zpw=tsasecret123:5980
[  549164ms] [LOG] %c Feathery %c v2.99.1  background: #e2626e; color: white; padding: 2px 6px; border-radius: 3px 0 0 3px; font-weight: bold; background: #fce7e9; color: #c5495a; padding: 2px 6px; border-radius: 0 3px 3px 0; @ https://cdn.jsdelivr.net/npm/@feathery/react@latest/umd/index.js:1
[  549180ms] [WARNING] <meta name="apple-mobile-web-app-capable" content="yes"> is deprecated. Please include <meta name="mobile-web-app-capable" content="yes"> @ https://8hxvw8tw-dev.webengine.zesty.io/il/chicago/?zpw=tsasecret123:0
[  549268ms] [INFO] [alloy] Instance configured. Computed configuration: {personalizationStorageEnabled: false, context: Array(4), targetMigrationEnabled: false, thirdPartyCookiesEnabled: true, idMigrationEnabled: true} @ https://cdn1.adoberesources.net/alloy/2.19.2/alloy.min.js:12
[  549270ms] [INFO] [alloy] Executing sendEvent command. Options: {xdm: Object, renderDecisions: true, data: Object} @ https://cdn1.adoberesources.net/alloy/2.19.2/alloy.min.js:12
[  549270ms] [INFO] [alloy] configure command resolved. Result: {} @ https://cdn1.adoberesources.net/alloy/2.19.2/alloy.min.js:12
[  549271ms] [INFO] [alloy] Request c703b754-466a-4386-a956-06814966579a: Sending request. {meta: Object, events: Array(1), query: Object} @ https://cdn1.adoberesources.net/alloy/2.19.2/alloy.min.js:12
[  549339ms] [INFO] [alloy] Request c703b754-466a-4386-a956-06814966579a: Received response with status code 200 and response body: {requestId: c703b754-466a-4386-a956-06814966579a-0b5380c0ea4b467d, handle: Array(4)} @ https://cdn1.adoberesources.net/alloy/2.19.2/alloy.min.js:12
[  549339ms] [INFO] [alloy] Setting cookie {name: kndctr_20A0289659302A7E0A495D28_AdobeOrg_cluster, value: sgp3, domain: zesty.io, expires: Wed Sep 30 2026 22:14:37 GMT+0800 (Taiwan Standard Time), sameSite: none} @ https://cdn1.adoberesources.net/alloy/2.19.2/alloy.min.js:12
[  549342ms] [INFO] [alloy] sendEvent command resolved. Result: {destinations: Array(0), inferences: Array(0), propositions: Array(0), decisions: Array(0)} @ https://cdn1.adoberesources.net/alloy/2.19.2/alloy.min.js:12
[  549678ms] ReferenceError: google is not defined
    at findHelpButtonAddressSuggestion (https://8hxvw8tw-dev.webengine.zesty.io/il/chicago/?zpw=tsasecret123:6012:26)
[  549677ms] [ERROR] Failed to load resource: the server responded with a status of 400 () @ https://events.api.boomtrain.com/event/track:0
[  549833ms] TypeError: Cannot read properties of null (reading 'classList')
    at init (https://8hxvw8tw-dev.webengine.zesty.io/il/chicago/?zpw=tsasecret123:7582:13)
[  549994ms] [LOG] {requested_zuid: 7-ec8a80fdbe-46hzww, requested_model: 6-deab97cfd9-wb5km4, has_match: true, volunteer_page_zuid: 7-b0e2afd6f9-t0dckq, volunteer_url: /usa-central-territory/volunteer/} RESPONSE @ https://8hxvw8tw-dev.webengine.zesty.io/il/chicago/?zpw=tsasecret123:2799
[  550092ms] [LOG] [Object, Object, Object, Object, Object, Object, Object, Object, Object, Object, Object, Object, Object, Object, Object, Object, Object, Object, Object, Object, Object, Object] @ https://8hxvw8tw-dev.webengine.zesty.io/il/chicago/?zpw=tsasecret123:3304
[  555930ms] [WARNING] The resource https://fonts.gstatic.com/s/materialsymbolsoutlined/v315/kJF1BvYX7BgnkSrUwT8OhrdQw4oELdPIeeII9v6oDMzByHX9rA6RzaxHMPdY43zj-jCxv3fzvRNU22ZXGJpEpjC_1v-p_4MrImHCIJIZrDCvHOej.woff2 was preloaded using link preload but not used within a few seconds from the window's load event. Please make sure it has an appropriate `as` value and it is preloaded intentionally. @ https://8hxvw8tw-dev.webengine.zesty.io/il/chicago/?zpw=tsasecret123:0
[  572634ms] [WARNING] The resource https://fonts.gstatic.com/s/materialsymbolsoutlined/v315/kJF1BvYX7BgnkSrUwT8OhrdQw4oELdPIeeII9v6oDMzByHX9rA6RzaxHMPdY43zj-jCxv3fzvRNU22ZXGJpEpjC_1v-p_4MrImHCIJIZrDCvHOej.woff2 was preloaded using link preload but not used within a few seconds from the window's load event. Please make sure it has an appropriate `as` value and it is preloaded intentionally. @ https://8hxvw8tw-dev.webengine.zesty.io/il/chicago/?zpw=tsasecret123:0
